【STRUCT_CARD_TRACE】 准备上送对话 blocks 摘要：clientMessageID=A3B2600C-A8C6-4481-9531-037070A5FE52,blocks=id=837D7121-C85F-4198-9C61-6306BC5B2F04,kind=imageGallery,status=ready,revision=1,orderKey=<nil>,toolCallID=<nil>,parentToolCallID=<nil>,nodeRole=timeline | id=C86E078B-C1B9-40CE-8BF0-FDBBF2960EE1,kind=text,status=ready,revision=1,orderKey=<nil>,toolCallID=<nil>,parentToolCallID=<nil>,nodeRole=timeline
【STRUCT_CARD_TRACE】 push 回包合并开始：threadID=005BC089-9FC5-430E-A45B-97F586198FFE，remote=clientMessageID=A3B2600C-A8C6-4481-9531-037070A5FE52,blocks=id=837D7121-C85F-4198-9C61-6306BC5B2F04,kind=imageGallery,status=ready,revision=1,orderKey=<nil>,toolCallID=<nil>,parentToolCallID=<nil>,nodeRole=timeline | id=C86E078B-C1B9-40CE-8BF0-FDBBF2960EE1,kind=text,status=ready,revision=1,orderKey=<nil>,toolCallID=<nil>,parentToolCallID=<nil>,nodeRole=timeline，local=clientMessageID=A3B2600C-A8C6-4481-9531-037070A5FE52,delivery=sent,blocks=id=837D7121-C85F-4198-9C61-6306BC5B2F04,kind=imageGallery,status=ready,revision=1,orderKey=<nil>,toolCallID=<nil>,parentToolCallID=<nil>,nodeRole=timeline | id=C86E078B-C1B9-40CE-8BF0-FDBBF2960EE1,kind=text,status=ready,revision=1,orderKey=<nil>,toolCallID=<nil>,parentToolCallID=<nil>,nodeRole=timeline || clientMessageID=B59EAE6D-CF26-4670-9764-4E7826FA9DBC,delivery=sending,blocks=[]
【STRUCT_CARD_TRACE】 push 回包合并结果：threadID=005BC089-9FC5-430E-A45B-97F586198FFE，merged=clientMessageID=A3B2600C-A8C6-4481-9531-037070A5FE52,delivery=sent,blocks=id=837D7121-C85F-4198-9C61-6306BC5B2F04,kind=imageGallery,status=ready,revision=1,orderKey=<nil>,toolCallID=<nil>,parentToolCallID=<nil>,nodeRole=timeline | id=C86E078B-C1B9-40CE-8BF0-FDBBF2960EE1,kind=text,status=ready,revision=1,orderKey=<nil>,toolCallID=<nil>,parentToolCallID=<nil>,nodeRole=timeline
【STRUCT_CARD_TRACE】 CoreDataChatStore upsertMessageBlock 已写入：clientMessageID=B59EAE6D-CF26-4670-9764-4E7826FA9DBC，markPendingForSync=false，id=0474107C-3249-57B4-A160-943EA1690AAB,kind=tool,status=streaming,revision=1779291236524947,orderKey=2000.0,toolCallID=call_ghn7xh5fs4cw05dp7s0mr18h,parentToolCallID=<nil>,nodeRole=tool
【STRUCT_CARD_TRACE】 MessageRunActor 流式工具块写入请求完成：assistantClientMessageID=B59EAE6D-CF26-4670-9764-4E7826FA9DBC，toolName=generate_structured_health_card，toolCallID=call_ghn7xh5fs4cw05dp7s0mr18h，toolOrderKey=2000.0
【STRUCT_CARD_TRACE】 MessageRunActor 准备写入结构化健康卡片 pending 占位：assistantClientMessageID=B59EAE6D-CF26-4670-9764-4E7826FA9DBC，toolName=generate_structured_health_card，toolCallID=call_ghn7xh5fs4cw05dp7s0mr18h，revision=1779291236524947
【STRUCT_CARD_TRACE】 CoreDataChatStore upsertMessageBlock 未生效：可能 incoming revision 较旧或 ready 块拒绝 pending 覆盖，clientMessageID=B59EAE6D-CF26-4670-9764-4E7826FA9DBC，id=76FB73A0-9D9F-5C8C-A940-53D15CE58D58,kind=structuredHealthCards,status=pending,revision=1779291236524947,orderKey=2100.0,toolCallID=call_ghn7xh5fs4cw05dp7s0mr18h,parentToolCallID=call_ghn7xh5fs4cw05dp7s0mr18h,nodeRole=toolPresentation,structuredCounts={medications:0,prescriptions:0,examReports:0,medicalCases:0,total:0}
【STRUCT_CARD_TRACE】 MessageRunActor 结构化健康卡片 pending 占位写入请求完成：assistantClientMessageID=B59EAE6D-CF26-4670-9764-4E7826FA9DBC，toolCallID=call_ghn7xh5fs4cw05dp7s0mr18h
【STRUCT_CARD_TRACE】 CoreDataChatStore upsertMessageBlock 已写入：clientMessageID=B59EAE6D-CF26-4670-9764-4E7826FA9DBC，markPendingForSync=false，id=0474107C-3249-57B4-A160-943EA1690AAB,kind=tool,status=streaming,revision=1779291236735218,orderKey=2000.0,toolCallID=call_ghn7xh5fs4cw05dp7s0mr18h,parentToolCallID=<nil>,nodeRole=tool
【STRUCT_CARD_TRACE】 MessageRunActor 流式工具块写入请求完成：assistantClientMessageID=B59EAE6D-CF26-4670-9764-4E7826FA9DBC，toolName=generate_structured_health_card，toolCallID=call_ghn7xh5fs4cw05dp7s0mr18h，toolOrderKey=2000.0
【STRUCT_CARD_TRACE】 MessageRunActor 准备写入结构化健康卡片 pending 占位：assistantClientMessageID=B59EAE6D-CF26-4670-9764-4E7826FA9DBC，toolName=generate_structured_health_card，toolCallID=call_ghn7xh5fs4cw05dp7s0mr18h，revision=1779291236735218
【STRUCT_CARD_TRACE】 CoreDataChatStore upsertMessageBlock 未生效：可能 incoming revision 较旧或 ready 块拒绝 pending 覆盖，clientMessageID=B59EAE6D-CF26-4670-9764-4E7826FA9DBC，id=76FB73A0-9D9F-5C8C-A940-53D15CE58D58,kind=structuredHealthCards,status=pending,revision=1779291236735218,orderKey=2100.0,toolCallID=call_ghn7xh5fs4cw05dp7s0mr18h,parentToolCallID=call_ghn7xh5fs4cw05dp7s0mr18h,nodeRole=toolPresentation,structuredCounts={medications:0,prescriptions:0,examReports:0,medicalCases:0,total:0}
【STRUCT_CARD_TRACE】 MessageRunActor 结构化健康卡片 pending 占位写入请求完成：assistantClientMessageID=B59EAE6D-CF26-4670-9764-4E7826FA9DBC，toolCallID=call_ghn7xh5fs4cw05dp7s0mr18h
【STRUCT_CARD_TRACE】 CoreDataChatStore upsertMessageBlock 已写入：clientMessageID=B59EAE6D-CF26-4670-9764-4E7826FA9DBC，markPendingForSync=false，id=0474107C-3249-57B4-A160-943EA1690AAB,kind=tool,status=streaming,revision=1779291237140302,orderKey=2000.0,toolCallID=call_ghn7xh5fs4cw05dp7s0mr18h,parentToolCallID=<nil>,nodeRole=tool
【STRUCT_CARD_TRACE】 MessageRunActor 流式工具块写入请求完成：assistantClientMessageID=B59EAE6D-CF26-4670-9764-4E7826FA9DBC，toolName=generate_structured_health_card，toolCallID=call_ghn7xh5fs4cw05dp7s0mr18h，toolOrderKey=2000.0
【STRUCT_CARD_TRACE】 MessageRunActor 准备写入结构化健康卡片 pending 占位：assistantClientMessageID=B59EAE6D-CF26-4670-9764-4E7826FA9DBC，toolName=generate_structured_health_card，toolCallID=call_ghn7xh5fs4cw05dp7s0mr18h，revision=1779291237140302
【STRUCT_CARD_TRACE】 CoreDataChatStore upsertMessageBlock 未生效：可能 incoming revision 较旧或 ready 块拒绝 pending 覆盖，clientMessageID=B59EAE6D-CF26-4670-9764-4E7826FA9DBC，id=76FB73A0-9D9F-5C8C-A940-53D15CE58D58,kind=structuredHealthCards,status=pending,revision=1779291237140302,orderKey=2100.0,toolCallID=call_ghn7xh5fs4cw05dp7s0mr18h,parentToolCallID=call_ghn7xh5fs4cw05dp7s0mr18h,nodeRole=toolPresentation,structuredCounts={medications:0,prescriptions:0,examReports:0,medicalCases:0,total:0}
【STRUCT_CARD_TRACE】 MessageRunActor 结构化健康卡片 pending 占位写入请求完成：assistantClientMessageID=B59EAE6D-CF26-4670-9764-4E7826FA9DBC，toolCallID=call_ghn7xh5fs4cw05dp7s0mr18h
【STRUCT_CARD_TRACE】 CoreDataChatStore upsertMessageBlock 已写入：clientMessageID=B59EAE6D-CF26-4670-9764-4E7826FA9DBC，markPendingForSync=false，id=0474107C-3249-57B4-A160-943EA1690AAB,kind=tool,status=streaming,revision=1779291237247239,orderKey=2000.0,toolCallID=call_ghn7xh5fs4cw05dp7s0mr18h,parentToolCallID=<nil>,nodeRole=tool
【STRUCT_CARD_TRACE】 MessageRunActor 流式工具块写入请求完成：assistantClientMessageID=B59EAE6D-CF26-4670-9764-4E7826FA9DBC，toolName=generate_structured_health_card，toolCallID=call_ghn7xh5fs4cw05dp7s0mr18h，toolOrderKey=2000.0
【STRUCT_CARD_TRACE】 MessageRunActor 准备写入结构化健康卡片 pending 占位：assistantClientMessageID=B59EAE6D-CF26-4670-9764-4E7826FA9DBC，toolName=generate_structured_health_card，toolCallID=call_ghn7xh5fs4cw05dp7s0mr18h，revision=1779291237247239
【STRUCT_CARD_TRACE】 CoreDataChatStore upsertMessageBlock 未生效：可能 incoming revision 较旧或 ready 块拒绝 pending 覆盖，clientMessageID=B59EAE6D-CF26-4670-9764-4E7826FA9DBC，id=76FB73A0-9D9F-5C8C-A940-53D15CE58D58,kind=structuredHealthCards,status=pending,revision=1779291237247239,orderKey=2100.0,toolCallID=call_ghn7xh5fs4cw05dp7s0mr18h,parentToolCallID=call_ghn7xh5fs4cw05dp7s0mr18h,nodeRole=toolPresentation,structuredCounts={medications:0,prescriptions:0,examReports:0,medicalCases:0,total:0}
【STRUCT_CARD_TRACE】 MessageRunActor 结构化健康卡片 pending 占位写入请求完成：assistantClientMessageID=B59EAE6D-CF26-4670-9764-4E7826FA9DBC，toolCallID=call_ghn7xh5fs4cw05dp7s0mr18h
【STRUCT_CARD_TRACE】 CoreDataChatStore upsertMessageBlock 已写入：clientMessageID=B59EAE6D-CF26-4670-9764-4E7826FA9DBC，markPendingForSync=false，id=0474107C-3249-57B4-A160-943EA1690AAB,kind=tool,status=streaming,revision=1779291237343103,orderKey=2000.0,toolCallID=call_ghn7xh5fs4cw05dp7s0mr18h,parentToolCallID=<nil>,nodeRole=tool
【STRUCT_CARD_TRACE】 MessageRunActor 流式工具块写入请求完成：assistantClientMessageID=B59EAE6D-CF26-4670-9764-4E7826FA9DBC，toolName=generate_structured_health_card，toolCallID=call_ghn7xh5fs4cw05dp7s0mr18h，toolOrderKey=2000.0
【STRUCT_CARD_TRACE】 MessageRunActor 准备写入结构化健康卡片 pending 占位：assistantClientMessageID=B59EAE6D-CF26-4670-9764-4E7826FA9DBC，toolName=generate_structured_health_card，toolCallID=call_ghn7xh5fs4cw05dp7s0mr18h，revision=1779291237343103
【STRUCT_CARD_TRACE】 CoreDataChatStore upsertMessageBlock 未生效：可能 incoming revision 较旧或 ready 块拒绝 pending 覆盖，clientMessageID=B59EAE6D-CF26-4670-9764-4E7826FA9DBC，id=76FB73A0-9D9F-5C8C-A940-53D15CE58D58,kind=structuredHealthCards,status=pending,revision=1779291237343103,orderKey=2100.0,toolCallID=call_ghn7xh5fs4cw05dp7s0mr18h,parentToolCallID=call_ghn7xh5fs4cw05dp7s0mr18h,nodeRole=toolPresentation,structuredCounts={medications:0,prescriptions:0,examReports:0,medicalCases:0,total:0}
【STRUCT_CARD_TRACE】 MessageRunActor 结构化健康卡片 pending 占位写入请求完成：assistantClientMessageID=B59EAE6D-CF26-4670-9764-4E7826FA9DBC，toolCallID=call_ghn7xh5fs4cw05dp7s0mr18h
【STRUCT_CARD_TRACE】 CoreDataChatStore upsertMessageBlock 已写入：clientMessageID=B59EAE6D-CF26-4670-9764-4E7826FA9DBC，markPendingForSync=false，id=0474107C-3249-57B4-A160-943EA1690AAB,kind=tool,status=streaming,revision=1779291237447974,orderKey=2000.0,toolCallID=call_ghn7xh5fs4cw05dp7s0mr18h,parentToolCallID=<nil>,nodeRole=tool
【STRUCT_CARD_TRACE】 MessageRunActor 流式工具块写入请求完成：assistantClientMessageID=B59EAE6D-CF26-4670-9764-4E7826FA9DBC，toolName=generate_structured_health_card，toolCallID=call_ghn7xh5fs4cw05dp7s0mr18h，toolOrderKey=2000.0
【STRUCT_CARD_TRACE】 MessageRunActor 准备写入结构化健康卡片 pending 占位：assistantClientMessageID=B59EAE6D-CF26-4670-9764-4E7826FA9DBC，toolName=generate_structured_health_card，toolCallID=call_ghn7xh5fs4cw05dp7s0mr18h，revision=1779291237447974
【STRUCT_CARD_TRACE】 CoreDataChatStore upsertMessageBlock 未生效：可能 incoming revision 较旧或 ready 块拒绝 pending 覆盖，clientMessageID=B59EAE6D-CF26-4670-9764-4E7826FA9DBC，id=76FB73A0-9D9F-5C8C-A940-53D15CE58D58,kind=structuredHealthCards,status=pending,revision=1779291237447974,orderKey=2100.0,toolCallID=call_ghn7xh5fs4cw05dp7s0mr18h,parentToolCallID=call_ghn7xh5fs4cw05dp7s0mr18h,nodeRole=toolPresentation,structuredCounts={medications:0,prescriptions:0,examReports:0,medicalCases:0,total:0}
【STRUCT_CARD_TRACE】 MessageRunActor 结构化健康卡片 pending 占位写入请求完成：assistantClientMessageID=B59EAE6D-CF26-4670-9764-4E7826FA9DBC，toolCallID=call_ghn7xh5fs4cw05dp7s0mr18h
【STRUCT_CARD_TRACE】 CoreDataChatStore upsertMessageBlock 已写入：clientMessageID=B59EAE6D-CF26-4670-9764-4E7826FA9DBC，markPendingForSync=false，id=0474107C-3249-57B4-A160-943EA1690AAB,kind=tool,status=streaming,revision=1779291237516988,orderKey=2000.0,toolCallID=call_ghn7xh5fs4cw05dp7s0mr18h,parentToolCallID=<nil>,nodeRole=tool
【STRUCT_CARD_TRACE】 MessageRunActor 流式工具块写入请求完成：assistantClientMessageID=B59EAE6D-CF26-4670-9764-4E7826FA9DBC，toolName=generate_structured_health_card，toolCallID=call_ghn7xh5fs4cw05dp7s0mr18h，toolOrderKey=2000.0
【STRUCT_CARD_TRACE】 MessageRunActor 准备写入结构化健康卡片 pending 占位：assistantClientMessageID=B59EAE6D-CF26-4670-9764-4E7826FA9DBC，toolName=generate_structured_health_card，toolCallID=call_ghn7xh5fs4cw05dp7s0mr18h，revision=1779291237516988
【STRUCT_CARD_TRACE】 CoreDataChatStore upsertMessageBlock 未生效：可能 incoming revision 较旧或 ready 块拒绝 pending 覆盖，clientMessageID=B59EAE6D-CF26-4670-9764-4E7826FA9DBC，id=76FB73A0-9D9F-5C8C-A940-53D15CE58D58,kind=structuredHealthCards,status=pending,revision=1779291237516988,orderKey=2100.0,toolCallID=call_ghn7xh5fs4cw05dp7s0mr18h,parentToolCallID=call_ghn7xh5fs4cw05dp7s0mr18h,nodeRole=toolPresentation,structuredCounts={medications:0,prescriptions:0,examReports:0,medicalCases:0,total:0}
【STRUCT_CARD_TRACE】 MessageRunActor 结构化健康卡片 pending 占位写入请求完成：assistantClientMessageID=B59EAE6D-CF26-4670-9764-4E7826FA9DBC，toolCallID=call_ghn7xh5fs4cw05dp7s0mr18h
【STRUCT_CARD_TRACE】 CoreDataChatStore upsertMessageBlock 已写入：clientMessageID=B59EAE6D-CF26-4670-9764-4E7826FA9DBC，markPendingForSync=false，id=0474107C-3249-57B4-A160-943EA1690AAB,kind=tool,status=streaming,revision=1779291237614076,orderKey=2000.0,toolCallID=call_ghn7xh5fs4cw05dp7s0mr18h,parentToolCallID=<nil>,nodeRole=tool
【STRUCT_CARD_TRACE】 MessageRunActor 流式工具块写入请求完成：assistantClientMessageID=B59EAE6D-CF26-4670-9764-4E7826FA9DBC，toolName=generate_structured_health_card，toolCallID=call_ghn7xh5fs4cw05dp7s0mr18h，toolOrderKey=2000.0
【STRUCT_CARD_TRACE】 MessageRunActor 准备写入结构化健康卡片 pending 占位：assistantClientMessageID=B59EAE6D-CF26-4670-9764-4E7826FA9DBC，toolName=generate_structured_health_card，toolCallID=call_ghn7xh5fs4cw05dp7s0mr18h，revision=1779291237614076
【STRUCT_CARD_TRACE】 CoreDataChatStore upsertMessageBlock 未生效：可能 incoming revision 较旧或 ready 块拒绝 pending 覆盖，clientMessageID=B59EAE6D-CF26-4670-9764-4E7826FA9DBC，id=76FB73A0-9D9F-5C8C-A940-53D15CE58D58,kind=structuredHealthCards,status=pending,revision=1779291237614076,orderKey=2100.0,toolCallID=call_ghn7xh5fs4cw05dp7s0mr18h,parentToolCallID=call_ghn7xh5fs4cw05dp7s0mr18h,nodeRole=toolPresentation,structuredCounts={medications:0,prescriptions:0,examReports:0,medicalCases:0,total:0}
【STRUCT_CARD_TRACE】 MessageRunActor 结构化健康卡片 pending 占位写入请求完成：assistantClientMessageID=B59EAE6D-CF26-4670-9764-4E7826FA9DBC，toolCallID=call_ghn7xh5fs4cw05dp7s0mr18h
【STRUCT_CARD_TRACE】 CoreDataChatStore upsertMessageBlock 已写入：clientMessageID=B59EAE6D-CF26-4670-9764-4E7826FA9DBC，markPendingForSync=false，id=0474107C-3249-57B4-A160-943EA1690AAB,kind=tool,status=streaming,revision=1779291237721935,orderKey=2000.0,toolCallID=call_ghn7xh5fs4cw05dp7s0mr18h,parentToolCallID=<nil>,nodeRole=tool
【STRUCT_CARD_TRACE】 MessageRunActor 流式工具块写入请求完成：assistantClientMessageID=B59EAE6D-CF26-4670-9764-4E7826FA9DBC，toolName=generate_structured_health_card，toolCallID=call_ghn7xh5fs4cw05dp7s0mr18h，toolOrderKey=2000.0
【STRUCT_CARD_TRACE】 MessageRunActor 准备写入结构化健康卡片 pending 占位：assistantClientMessageID=B59EAE6D-CF26-4670-9764-4E7826FA9DBC，toolName=generate_structured_health_card，toolCallID=call_ghn7xh5fs4cw05dp7s0mr18h，revision=1779291237721935
【STRUCT_CARD_TRACE】 CoreDataChatStore upsertMessageBlock 未生效：可能 incoming revision 较旧或 ready 块拒绝 pending 覆盖，clientMessageID=B59EAE6D-CF26-4670-9764-4E7826FA9DBC，id=76FB73A0-9D9F-5C8C-A940-53D15CE58D58,kind=structuredHealthCards,status=pending,revision=1779291237721935,orderKey=2100.0,toolCallID=call_ghn7xh5fs4cw05dp7s0mr18h,parentToolCallID=call_ghn7xh5fs4cw05dp7s0mr18h,nodeRole=toolPresentation,structuredCounts={medications:0,prescriptions:0,examReports:0,medicalCases:0,total:0}
【STRUCT_CARD_TRACE】 MessageRunActor 结构化健康卡片 pending 占位写入请求完成：assistantClientMessageID=B59EAE6D-CF26-4670-9764-4E7826FA9DBC，toolCallID=call_ghn7xh5fs4cw05dp7s0mr18h
【STRUCT_CARD_TRACE】 CoreDataChatStore upsertMessageBlock 已写入：clientMessageID=B59EAE6D-CF26-4670-9764-4E7826FA9DBC，markPendingForSync=false，id=0474107C-3249-57B4-A160-943EA1690AAB,kind=tool,status=streaming,revision=1779291237778799,orderKey=2000.0,toolCallID=call_ghn7xh5fs4cw05dp7s0mr18h,parentToolCallID=<nil>,nodeRole=tool
【STRUCT_CARD_TRACE】 MessageRunActor 流式工具块写入请求完成：assistantClientMessageID=B59EAE6D-CF26-4670-9764-4E7826FA9DBC，toolName=generate_structured_health_card，toolCallID=call_ghn7xh5fs4cw05dp7s0mr18h，toolOrderKey=2000.0
【STRUCT_CARD_TRACE】 MessageRunActor 准备写入结构化健康卡片 pending 占位：assistantClientMessageID=B59EAE6D-CF26-4670-9764-4E7826FA9DBC，toolName=generate_structured_health_card，toolCallID=call_ghn7xh5fs4cw05dp7s0mr18h，revision=1779291237778799
【STRUCT_CARD_TRACE】 CoreDataChatStore upsertMessageBlock 未生效：可能 incoming revision 较旧或 ready 块拒绝 pending 覆盖，clientMessageID=B59EAE6D-CF26-4670-9764-4E7826FA9DBC，id=76FB73A0-9D9F-5C8C-A940-53D15CE58D58,kind=structuredHealthCards,status=pending,revision=1779291237778799,orderKey=2100.0,toolCallID=call_ghn7xh5fs4cw05dp7s0mr18h,parentToolCallID=call_ghn7xh5fs4cw05dp7s0mr18h,nodeRole=toolPresentation,structuredCounts={medications:0,prescriptions:0,examReports:0,medicalCases:0,total:0}
【STRUCT_CARD_TRACE】 MessageRunActor 结构化健康卡片 pending 占位写入请求完成：assistantClientMessageID=B59EAE6D-CF26-4670-9764-4E7826FA9DBC，toolCallID=call_ghn7xh5fs4cw05dp7s0mr18h
【STRUCT_CARD_TRACE】 CoreDataChatStore upsertMessageBlock 已写入：clientMessageID=B59EAE6D-CF26-4670-9764-4E7826FA9DBC，markPendingForSync=false，id=0474107C-3249-57B4-A160-943EA1690AAB,kind=tool,status=streaming,revision=1779291237840736,orderKey=2000.0,toolCallID=call_ghn7xh5fs4cw05dp7s0mr18h,parentToolCallID=<nil>,nodeRole=tool
【STRUCT_CARD_TRACE】 MessageRunActor 流式工具块写入请求完成：assistantClientMessageID=B59EAE6D-CF26-4670-9764-4E7826FA9DBC，toolName=generate_structured_health_card，toolCallID=call_ghn7xh5fs4cw05dp7s0mr18h，toolOrderKey=2000.0
【STRUCT_CARD_TRACE】 MessageRunActor 准备写入结构化健康卡片 pending 占位：assistantClientMessageID=B59EAE6D-CF26-4670-9764-4E7826FA9DBC，toolName=generate_structured_health_card，toolCallID=call_ghn7xh5fs4cw05dp7s0mr18h，revision=1779291237840736
【STRUCT_CARD_TRACE】 CoreDataChatStore upsertMessageBlock 未生效：可能 incoming revision 较旧或 ready 块拒绝 pending 覆盖，clientMessageID=B59EAE6D-CF26-4670-9764-4E7826FA9DBC，id=76FB73A0-9D9F-5C8C-A940-53D15CE58D58,kind=structuredHealthCards,status=pending,revision=1779291237840736,orderKey=2100.0,toolCallID=call_ghn7xh5fs4cw05dp7s0mr18h,parentToolCallID=call_ghn7xh5fs4cw05dp7s0mr18h,nodeRole=toolPresentation,structuredCounts={medications:0,prescriptions:0,examReports:0,medicalCases:0,total:0}
【STRUCT_CARD_TRACE】 MessageRunActor 结构化健康卡片 pending 占位写入请求完成：assistantClientMessageID=B59EAE6D-CF26-4670-9764-4E7826FA9DBC，toolCallID=call_ghn7xh5fs4cw05dp7s0mr18h
【STRUCT_CARD_TRACE】 CoreDataChatStore upsertMessageBlock 已写入：clientMessageID=B59EAE6D-CF26-4670-9764-4E7826FA9DBC，markPendingForSync=false，id=0474107C-3249-57B4-A160-943EA1690AAB,kind=tool,status=streaming,revision=1779291237925717,orderKey=2000.0,toolCallID=call_ghn7xh5fs4cw05dp7s0mr18h,parentToolCallID=<nil>,nodeRole=tool
【STRUCT_CARD_TRACE】 MessageRunActor 流式工具块写入请求完成：assistantClientMessageID=B59EAE6D-CF26-4670-9764-4E7826FA9DBC，toolName=generate_structured_health_card，toolCallID=call_ghn7xh5fs4cw05dp7s0mr18h，toolOrderKey=2000.0
【STRUCT_CARD_TRACE】 MessageRunActor 准备写入结构化健康卡片 pending 占位：assistantClientMessageID=B59EAE6D-CF26-4670-9764-4E7826FA9DBC，toolName=generate_structured_health_card，toolCallID=call_ghn7xh5fs4cw05dp7s0mr18h，revision=1779291237925717
【STRUCT_CARD_TRACE】 CoreDataChatStore upsertMessageBlock 未生效：可能 incoming revision 较旧或 ready 块拒绝 pending 覆盖，clientMessageID=B59EAE6D-CF26-4670-9764-4E7826FA9DBC，id=76FB73A0-9D9F-5C8C-A940-53D15CE58D58,kind=structuredHealthCards,status=pending,revision=1779291237925717,orderKey=2100.0,toolCallID=call_ghn7xh5fs4cw05dp7s0mr18h,parentToolCallID=call_ghn7xh5fs4cw05dp7s0mr18h,nodeRole=toolPresentation,structuredCounts={medications:0,prescriptions:0,examReports:0,medicalCases:0,total:0}
【STRUCT_CARD_TRACE】 MessageRunActor 结构化健康卡片 pending 占位写入请求完成：assistantClientMessageID=B59EAE6D-CF26-4670-9764-4E7826FA9DBC，toolCallID=call_ghn7xh5fs4cw05dp7s0mr18h
【STRUCT_CARD_TRACE】 CoreDataChatStore upsertMessageBlock 已写入：clientMessageID=B59EAE6D-CF26-4670-9764-4E7826FA9DBC，markPendingForSync=false，id=0474107C-3249-57B4-A160-943EA1690AAB,kind=tool,status=streaming,revision=1779291238002189,orderKey=2000.0,toolCallID=call_ghn7xh5fs4cw05dp7s0mr18h,parentToolCallID=<nil>,nodeRole=tool
【STRUCT_CARD_TRACE】 MessageRunActor 流式工具块写入请求完成：assistantClientMessageID=B59EAE6D-CF26-4670-9764-4E7826FA9DBC，toolName=generate_structured_health_card，toolCallID=call_ghn7xh5fs4cw05dp7s0mr18h，toolOrderKey=2000.0
【STRUCT_CARD_TRACE】 MessageRunActor 准备写入结构化健康卡片 pending 占位：assistantClientMessageID=B59EAE6D-CF26-4670-9764-4E7826FA9DBC，toolName=generate_structured_health_card，toolCallID=call_ghn7xh5fs4cw05dp7s0mr18h，revision=1779291238002189
【STRUCT_CARD_TRACE】 CoreDataChatStore upsertMessageBlock 未生效：可能 incoming revision 较旧或 ready 块拒绝 pending 覆盖，clientMessageID=B59EAE6D-CF26-4670-9764-4E7826FA9DBC，id=76FB73A0-9D9F-5C8C-A940-53D15CE58D58,kind=structuredHealthCards,status=pending,revision=1779291238002189,orderKey=2100.0,toolCallID=call_ghn7xh5fs4cw05dp7s0mr18h,parentToolCallID=call_ghn7xh5fs4cw05dp7s0mr18h,nodeRole=toolPresentation,structuredCounts={medications:0,prescriptions:0,examReports:0,medicalCases:0,total:0}
【STRUCT_CARD_TRACE】 MessageRunActor 结构化健康卡片 pending 占位写入请求完成：assistantClientMessageID=B59EAE6D-CF26-4670-9764-4E7826FA9DBC，toolCallID=call_ghn7xh5fs4cw05dp7s0mr18h
【STRUCT_CARD_TRACE】 CoreDataChatStore upsertMessageBlock 已写入：clientMessageID=B59EAE6D-CF26-4670-9764-4E7826FA9DBC，markPendingForSync=false，id=0474107C-3249-57B4-A160-943EA1690AAB,kind=tool,status=streaming,revision=1779291238092620,orderKey=2000.0,toolCallID=call_ghn7xh5fs4cw05dp7s0mr18h,parentToolCallID=<nil>,nodeRole=tool
【STRUCT_CARD_TRACE】 MessageRunActor 流式工具块写入请求完成：assistantClientMessageID=B59EAE6D-CF26-4670-9764-4E7826FA9DBC，toolName=generate_structured_health_card，toolCallID=call_ghn7xh5fs4cw05dp7s0mr18h，toolOrderKey=2000.0
【STRUCT_CARD_TRACE】 MessageRunActor 准备写入结构化健康卡片 pending 占位：assistantClientMessageID=B59EAE6D-CF26-4670-9764-4E7826FA9DBC，toolName=generate_structured_health_card，toolCallID=call_ghn7xh5fs4cw05dp7s0mr18h，revision=1779291238092620
【STRUCT_CARD_TRACE】 CoreDataChatStore upsertMessageBlock 未生效：可能 incoming revision 较旧或 ready 块拒绝 pending 覆盖，clientMessageID=B59EAE6D-CF26-4670-9764-4E7826FA9DBC，id=76FB73A0-9D9F-5C8C-A940-53D15CE58D58,kind=structuredHealthCards,status=pending,revision=1779291238092620,orderKey=2100.0,toolCallID=call_ghn7xh5fs4cw05dp7s0mr18h,parentToolCallID=call_ghn7xh5fs4cw05dp7s0mr18h,nodeRole=toolPresentation,structuredCounts={medications:0,prescriptions:0,examReports:0,medicalCases:0,total:0}
【STRUCT_CARD_TRACE】 MessageRunActor 结构化健康卡片 pending 占位写入请求完成：assistantClientMessageID=B59EAE6D-CF26-4670-9764-4E7826FA9DBC，toolCallID=call_ghn7xh5fs4cw05dp7s0mr18h
【STRUCT_CARD_TRACE】 CoreDataChatStore upsertMessageBlock 已写入：clientMessageID=B59EAE6D-CF26-4670-9764-4E7826FA9DBC，markPendingForSync=false，id=0474107C-3249-57B4-A160-943EA1690AAB,kind=tool,status=streaming,revision=1779291238205675,orderKey=2000.0,toolCallID=call_ghn7xh5fs4cw05dp7s0mr18h,parentToolCallID=<nil>,nodeRole=tool
【STRUCT_CARD_TRACE】 MessageRunActor 流式工具块写入请求完成：assistantClientMessageID=B59EAE6D-CF26-4670-9764-4E7826FA9DBC，toolName=generate_structured_health_card，toolCallID=call_ghn7xh5fs4cw05dp7s0mr18h，toolOrderKey=2000.0
【STRUCT_CARD_TRACE】 MessageRunActor 准备写入结构化健康卡片 pending 占位：assistantClientMessageID=B59EAE6D-CF26-4670-9764-4E7826FA9DBC，toolName=generate_structured_health_card，toolCallID=call_ghn7xh5fs4cw05dp7s0mr18h，revision=1779291238205675
【STRUCT_CARD_TRACE】 CoreDataChatStore upsertMessageBlock 未生效：可能 incoming revision 较旧或 ready 块拒绝 pending 覆盖，clientMessageID=B59EAE6D-CF26-4670-9764-4E7826FA9DBC，id=76FB73A0-9D9F-5C8C-A940-53D15CE58D58,kind=structuredHealthCards,status=pending,revision=1779291238205675,orderKey=2100.0,toolCallID=call_ghn7xh5fs4cw05dp7s0mr18h,parentToolCallID=call_ghn7xh5fs4cw05dp7s0mr18h,nodeRole=toolPresentation,structuredCounts={medications:0,prescriptions:0,examReports:0,medicalCases:0,total:0}
【STRUCT_CARD_TRACE】 MessageRunActor 结构化健康卡片 pending 占位写入请求完成：assistantClientMessageID=B59EAE6D-CF26-4670-9764-4E7826FA9DBC，toolCallID=call_ghn7xh5fs4cw05dp7s0mr18h
【STRUCT_CARD_TRACE】 CoreDataChatStore upsertMessageBlock 已写入：clientMessageID=B59EAE6D-CF26-4670-9764-4E7826FA9DBC，markPendingForSync=false，id=0474107C-3249-57B4-A160-943EA1690AAB,kind=tool,status=streaming,revision=1779291238266929,orderKey=2000.0,toolCallID=call_ghn7xh5fs4cw05dp7s0mr18h,parentToolCallID=<nil>,nodeRole=tool
【STRUCT_CARD_TRACE】 MessageRunActor 流式工具块写入请求完成：assistantClientMessageID=B59EAE6D-CF26-4670-9764-4E7826FA9DBC，toolName=generate_structured_health_card，toolCallID=call_ghn7xh5fs4cw05dp7s0mr18h，toolOrderKey=2000.0
【STRUCT_CARD_TRACE】 MessageRunActor 准备写入结构化健康卡片 pending 占位：assistantClientMessageID=B59EAE6D-CF26-4670-9764-4E7826FA9DBC，toolName=generate_structured_health_card，toolCallID=call_ghn7xh5fs4cw05dp7s0mr18h，revision=1779291238266929
【STRUCT_CARD_TRACE】 CoreDataChatStore upsertMessageBlock 未生效：可能 incoming revision 较旧或 ready 块拒绝 pending 覆盖，clientMessageID=B59EAE6D-CF26-4670-9764-4E7826FA9DBC，id=76FB73A0-9D9F-5C8C-A940-53D15CE58D58,kind=structuredHealthCards,status=pending,revision=1779291238266929,orderKey=2100.0,toolCallID=call_ghn7xh5fs4cw05dp7s0mr18h,parentToolCallID=call_ghn7xh5fs4cw05dp7s0mr18h,nodeRole=toolPresentation,structuredCounts={medications:0,prescriptions:0,examReports:0,medicalCases:0,total:0}
【STRUCT_CARD_TRACE】 MessageRunActor 结构化健康卡片 pending 占位写入请求完成：assistantClientMessageID=B59EAE6D-CF26-4670-9764-4E7826FA9DBC，toolCallID=call_ghn7xh5fs4cw05dp7s0mr18h
【STRUCT_CARD_TRACE】 CoreDataChatStore upsertMessageBlock 已写入：clientMessageID=B59EAE6D-CF26-4670-9764-4E7826FA9DBC，markPendingForSync=false，id=0474107C-3249-57B4-A160-943EA1690AAB,kind=tool,status=streaming,revision=1779291238357823,orderKey=2000.0,toolCallID=call_ghn7xh5fs4cw05dp7s0mr18h,parentToolCallID=<nil>,nodeRole=tool
【STRUCT_CARD_TRACE】 MessageRunActor 流式工具块写入请求完成：assistantClientMessageID=B59EAE6D-CF26-4670-9764-4E7826FA9DBC，toolName=generate_structured_health_card，toolCallID=call_ghn7xh5fs4cw05dp7s0mr18h，toolOrderKey=2000.0
【STRUCT_CARD_TRACE】 MessageRunActor 准备写入结构化健康卡片 pending 占位：assistantClientMessageID=B59EAE6D-CF26-4670-9764-4E7826FA9DBC，toolName=generate_structured_health_card，toolCallID=call_ghn7xh5fs4cw05dp7s0mr18h，revision=1779291238357823
【STRUCT_CARD_TRACE】 CoreDataChatStore upsertMessageBlock 未生效：可能 incoming revision 较旧或 ready 块拒绝 pending 覆盖，clientMessageID=B59EAE6D-CF26-4670-9764-4E7826FA9DBC，id=76FB73A0-9D9F-5C8C-A940-53D15CE58D58,kind=structuredHealthCards,status=pending,revision=1779291238357823,orderKey=2100.0,toolCallID=call_ghn7xh5fs4cw05dp7s0mr18h,parentToolCallID=call_ghn7xh5fs4cw05dp7s0mr18h,nodeRole=toolPresentation,structuredCounts={medications:0,prescriptions:0,examReports:0,medicalCases:0,total:0}
【STRUCT_CARD_TRACE】 MessageRunActor 结构化健康卡片 pending 占位写入请求完成：assistantClientMessageID=B59EAE6D-CF26-4670-9764-4E7826FA9DBC，toolCallID=call_ghn7xh5fs4cw05dp7s0mr18h
【STRUCT_CARD_TRACE】 CoreDataChatStore upsertMessageBlock 已写入：clientMessageID=B59EAE6D-CF26-4670-9764-4E7826FA9DBC，markPendingForSync=false，id=0474107C-3249-57B4-A160-943EA1690AAB,kind=tool,status=streaming,revision=1779291238422402,orderKey=2000.0,toolCallID=call_ghn7xh5fs4cw05dp7s0mr18h,parentToolCallID=<nil>,nodeRole=tool
【STRUCT_CARD_TRACE】 MessageRunActor 流式工具块写入请求完成：assistantClientMessageID=B59EAE6D-CF26-4670-9764-4E7826FA9DBC，toolName=generate_structured_health_card，toolCallID=call_ghn7xh5fs4cw05dp7s0mr18h，toolOrderKey=2000.0
【STRUCT_CARD_TRACE】 MessageRunActor 准备写入结构化健康卡片 pending 占位：assistantClientMessageID=B59EAE6D-CF26-4670-9764-4E7826FA9DBC，toolName=generate_structured_health_card，toolCallID=call_ghn7xh5fs4cw05dp7s0mr18h，revision=1779291238422402
【STRUCT_CARD_TRACE】 CoreDataChatStore upsertMessageBlock 未生效：可能 incoming revision 较旧或 ready 块拒绝 pending 覆盖，clientMessageID=B59EAE6D-CF26-4670-9764-4E7826FA9DBC，id=76FB73A0-9D9F-5C8C-A940-53D15CE58D58,kind=structuredHealthCards,status=pending,revision=1779291238422402,orderKey=2100.0,toolCallID=call_ghn7xh5fs4cw05dp7s0mr18h,parentToolCallID=call_ghn7xh5fs4cw05dp7s0mr18h,nodeRole=toolPresentation,structuredCounts={medications:0,prescriptions:0,examReports:0,medicalCases:0,total:0}
【STRUCT_CARD_TRACE】 MessageRunActor 结构化健康卡片 pending 占位写入请求完成：assistantClientMessageID=B59EAE6D-CF26-4670-9764-4E7826FA9DBC，toolCallID=call_ghn7xh5fs4cw05dp7s0mr18h
【STRUCT_CARD_TRACE】 CoreDataChatStore upsertMessageBlock 已写入：clientMessageID=B59EAE6D-CF26-4670-9764-4E7826FA9DBC，markPendingForSync=false，id=0474107C-3249-57B4-A160-943EA1690AAB,kind=tool,status=streaming,revision=1779291238516130,orderKey=2000.0,toolCallID=call_ghn7xh5fs4cw05dp7s0mr18h,parentToolCallID=<nil>,nodeRole=tool
【STRUCT_CARD_TRACE】 MessageRunActor 流式工具块写入请求完成：assistantClientMessageID=B59EAE6D-CF26-4670-9764-4E7826FA9DBC，toolName=generate_structured_health_card，toolCallID=call_ghn7xh5fs4cw05dp7s0mr18h，toolOrderKey=2000.0
【STRUCT_CARD_TRACE】 MessageRunActor 准备写入结构化健康卡片 pending 占位：assistantClientMessageID=B59EAE6D-CF26-4670-9764-4E7826FA9DBC，toolName=generate_structured_health_card，toolCallID=call_ghn7xh5fs4cw05dp7s0mr18h，revision=1779291238516130
【STRUCT_CARD_TRACE】 CoreDataChatStore upsertMessageBlock 未生效：可能 incoming revision 较旧或 ready 块拒绝 pending 覆盖，clientMessageID=B59EAE6D-CF26-4670-9764-4E7826FA9DBC，id=76FB73A0-9D9F-5C8C-A940-53D15CE58D58,kind=structuredHealthCards,status=pending,revision=1779291238516130,orderKey=2100.0,toolCallID=call_ghn7xh5fs4cw05dp7s0mr18h,parentToolCallID=call_ghn7xh5fs4cw05dp7s0mr18h,nodeRole=toolPresentation,structuredCounts={medications:0,prescriptions:0,examReports:0,medicalCases:0,total:0}
【STRUCT_CARD_TRACE】 MessageRunActor 结构化健康卡片 pending 占位写入请求完成：assistantClientMessageID=B59EAE6D-CF26-4670-9764-4E7826FA9DBC，toolCallID=call_ghn7xh5fs4cw05dp7s0mr18h
【STRUCT_CARD_TRACE】 CoreDataChatStore upsertMessageBlock 已写入：clientMessageID=B59EAE6D-CF26-4670-9764-4E7826FA9DBC，markPendingForSync=false，id=0474107C-3249-57B4-A160-943EA1690AAB,kind=tool,status=streaming,revision=1779291238629744,orderKey=2000.0,toolCallID=call_ghn7xh5fs4cw05dp7s0mr18h,parentToolCallID=<nil>,nodeRole=tool
【STRUCT_CARD_TRACE】 MessageRunActor 流式工具块写入请求完成：assistantClientMessageID=B59EAE6D-CF26-4670-9764-4E7826FA9DBC，toolName=generate_structured_health_card，toolCallID=call_ghn7xh5fs4cw05dp7s0mr18h，toolOrderKey=2000.0
【STRUCT_CARD_TRACE】 MessageRunActor 准备写入结构化健康卡片 pending 占位：assistantClientMessageID=B59EAE6D-CF26-4670-9764-4E7826FA9DBC，toolName=generate_structured_health_card，toolCallID=call_ghn7xh5fs4cw05dp7s0mr18h，revision=1779291238629744
【STRUCT_CARD_TRACE】 CoreDataChatStore upsertMessageBlock 未生效：可能 incoming revision 较旧或 ready 块拒绝 pending 覆盖，clientMessageID=B59EAE6D-CF26-4670-9764-4E7826FA9DBC，id=76FB73A0-9D9F-5C8C-A940-53D15CE58D58,kind=structuredHealthCards,status=pending,revision=1779291238629744,orderKey=2100.0,toolCallID=call_ghn7xh5fs4cw05dp7s0mr18h,parentToolCallID=call_ghn7xh5fs4cw05dp7s0mr18h,nodeRole=toolPresentation,structuredCounts={medications:0,prescriptions:0,examReports:0,medicalCases:0,total:0}
【STRUCT_CARD_TRACE】 MessageRunActor 结构化健康卡片 pending 占位写入请求完成：assistantClientMessageID=B59EAE6D-CF26-4670-9764-4E7826FA9DBC，toolCallID=call_ghn7xh5fs4cw05dp7s0mr18h
【STRUCT_CARD_TRACE】 CoreDataChatStore upsertMessageBlock 已写入：clientMessageID=B59EAE6D-CF26-4670-9764-4E7826FA9DBC，markPendingForSync=false，id=0474107C-3249-57B4-A160-943EA1690AAB,kind=tool,status=streaming,revision=1779291238707003,orderKey=2000.0,toolCallID=call_ghn7xh5fs4cw05dp7s0mr18h,parentToolCallID=<nil>,nodeRole=tool
【STRUCT_CARD_TRACE】 MessageRunActor 流式工具块写入请求完成：assistantClientMessageID=B59EAE6D-CF26-4670-9764-4E7826FA9DBC，toolName=generate_structured_health_card，toolCallID=call_ghn7xh5fs4cw05dp7s0mr18h，toolOrderKey=2000.0
【STRUCT_CARD_TRACE】 MessageRunActor 准备写入结构化健康卡片 pending 占位：assistantClientMessageID=B59EAE6D-CF26-4670-9764-4E7826FA9DBC，toolName=generate_structured_health_card，toolCallID=call_ghn7xh5fs4cw05dp7s0mr18h，revision=1779291238707003
【STRUCT_CARD_TRACE】 CoreDataChatStore upsertMessageBlock 未生效：可能 incoming revision 较旧或 ready 块拒绝 pending 覆盖，clientMessageID=B59EAE6D-CF26-4670-9764-4E7826FA9DBC，id=76FB73A0-9D9F-5C8C-A940-53D15CE58D58,kind=structuredHealthCards,status=pending,revision=1779291238707003,orderKey=2100.0,toolCallID=call_ghn7xh5fs4cw05dp7s0mr18h,parentToolCallID=call_ghn7xh5fs4cw05dp7s0mr18h,nodeRole=toolPresentation,structuredCounts={medications:0,prescriptions:0,examReports:0,medicalCases:0,total:0}
【STRUCT_CARD_TRACE】 MessageRunActor 结构化健康卡片 pending 占位写入请求完成：assistantClientMessageID=B59EAE6D-CF26-4670-9764-4E7826FA9DBC，toolCallID=call_ghn7xh5fs4cw05dp7s0mr18h
【STRUCT_CARD_TRACE】 CoreDataChatStore upsertMessageBlock 已写入：clientMessageID=B59EAE6D-CF26-4670-9764-4E7826FA9DBC，markPendingForSync=false，id=0474107C-3249-57B4-A160-943EA1690AAB,kind=tool,status=streaming,revision=1779291238794279,orderKey=2000.0,toolCallID=call_ghn7xh5fs4cw05dp7s0mr18h,parentToolCallID=<nil>,nodeRole=tool
【STRUCT_CARD_TRACE】 MessageRunActor 流式工具块写入请求完成：assistantClientMessageID=B59EAE6D-CF26-4670-9764-4E7826FA9DBC，toolName=generate_structured_health_card，toolCallID=call_ghn7xh5fs4cw05dp7s0mr18h，toolOrderKey=2000.0
【STRUCT_CARD_TRACE】 MessageRunActor 准备写入结构化健康卡片 pending 占位：assistantClientMessageID=B59EAE6D-CF26-4670-9764-4E7826FA9DBC，toolName=generate_structured_health_card，toolCallID=call_ghn7xh5fs4cw05dp7s0mr18h，revision=1779291238794279
【STRUCT_CARD_TRACE】 CoreDataChatStore upsertMessageBlock 未生效：可能 incoming revision 较旧或 ready 块拒绝 pending 覆盖，clientMessageID=B59EAE6D-CF26-4670-9764-4E7826FA9DBC，id=76FB73A0-9D9F-5C8C-A940-53D15CE58D58,kind=structuredHealthCards,status=pending,revision=1779291238794279,orderKey=2100.0,toolCallID=call_ghn7xh5fs4cw05dp7s0mr18h,parentToolCallID=call_ghn7xh5fs4cw05dp7s0mr18h,nodeRole=toolPresentation,structuredCounts={medications:0,prescriptions:0,examReports:0,medicalCases:0,total:0}
【STRUCT_CARD_TRACE】 MessageRunActor 结构化健康卡片 pending 占位写入请求完成：assistantClientMessageID=B59EAE6D-CF26-4670-9764-4E7826FA9DBC，toolCallID=call_ghn7xh5fs4cw05dp7s0mr18h
【STRUCT_CARD_TRACE】 CoreDataChatStore upsertMessageBlock 已写入：clientMessageID=B59EAE6D-CF26-4670-9764-4E7826FA9DBC，markPendingForSync=false，id=0474107C-3249-57B4-A160-943EA1690AAB,kind=tool,status=streaming,revision=1779291238847853,orderKey=2000.0,toolCallID=call_ghn7xh5fs4cw05dp7s0mr18h,parentToolCallID=<nil>,nodeRole=tool
【STRUCT_CARD_TRACE】 MessageRunActor 流式工具块写入请求完成：assistantClientMessageID=B59EAE6D-CF26-4670-9764-4E7826FA9DBC，toolName=generate_structured_health_card，toolCallID=call_ghn7xh5fs4cw05dp7s0mr18h，toolOrderKey=2000.0
【STRUCT_CARD_TRACE】 MessageRunActor 准备写入结构化健康卡片 pending 占位：assistantClientMessageID=B59EAE6D-CF26-4670-9764-4E7826FA9DBC，toolName=generate_structured_health_card，toolCallID=call_ghn7xh5fs4cw05dp7s0mr18h，revision=1779291238847853
【STRUCT_CARD_TRACE】 CoreDataChatStore upsertMessageBlock 未生效：可能 incoming revision 较旧或 ready 块拒绝 pending 覆盖，clientMessageID=B59EAE6D-CF26-4670-9764-4E7826FA9DBC，id=76FB73A0-9D9F-5C8C-A940-53D15CE58D58,kind=structuredHealthCards,status=pending,revision=1779291238847853,orderKey=2100.0,toolCallID=call_ghn7xh5fs4cw05dp7s0mr18h,parentToolCallID=call_ghn7xh5fs4cw05dp7s0mr18h,nodeRole=toolPresentation,structuredCounts={medications:0,prescriptions:0,examReports:0,medicalCases:0,total:0}
【STRUCT_CARD_TRACE】 MessageRunActor 结构化健康卡片 pending 占位写入请求完成：assistantClientMessageID=B59EAE6D-CF26-4670-9764-4E7826FA9DBC，toolCallID=call_ghn7xh5fs4cw05dp7s0mr18h
【STRUCT_CARD_TRACE】 CoreDataChatStore upsertMessageBlock 已写入：clientMessageID=B59EAE6D-CF26-4670-9764-4E7826FA9DBC，markPendingForSync=false，id=0474107C-3249-57B4-A160-943EA1690AAB,kind=tool,status=streaming,revision=1779291238901205,orderKey=2000.0,toolCallID=call_ghn7xh5fs4cw05dp7s0mr18h,parentToolCallID=<nil>,nodeRole=tool
【STRUCT_CARD_TRACE】 MessageRunActor 流式工具块写入请求完成：assistantClientMessageID=B59EAE6D-CF26-4670-9764-4E7826FA9DBC，toolName=generate_structured_health_card，toolCallID=call_ghn7xh5fs4cw05dp7s0mr18h，toolOrderKey=2000.0
【STRUCT_CARD_TRACE】 MessageRunActor 准备写入结构化健康卡片 pending 占位：assistantClientMessageID=B59EAE6D-CF26-4670-9764-4E7826FA9DBC，toolName=generate_structured_health_card，toolCallID=call_ghn7xh5fs4cw05dp7s0mr18h，revision=1779291238901205
【STRUCT_CARD_TRACE】 CoreDataChatStore upsertMessageBlock 未生效：可能 incoming revision 较旧或 ready 块拒绝 pending 覆盖，clientMessageID=B59EAE6D-CF26-4670-9764-4E7826FA9DBC，id=76FB73A0-9D9F-5C8C-A940-53D15CE58D58,kind=structuredHealthCards,status=pending,revision=1779291238901205,orderKey=2100.0,toolCallID=call_ghn7xh5fs4cw05dp7s0mr18h,parentToolCallID=call_ghn7xh5fs4cw05dp7s0mr18h,nodeRole=toolPresentation,structuredCounts={medications:0,prescriptions:0,examReports:0,medicalCases:0,total:0}
【STRUCT_CARD_TRACE】 MessageRunActor 结构化健康卡片 pending 占位写入请求完成：assistantClientMessageID=B59EAE6D-CF26-4670-9764-4E7826FA9DBC，toolCallID=call_ghn7xh5fs4cw05dp7s0mr18h
【STRUCT_CARD_TRACE】 CoreDataChatStore upsertMessageBlock 已写入：clientMessageID=B59EAE6D-CF26-4670-9764-4E7826FA9DBC，markPendingForSync=false，id=0474107C-3249-57B4-A160-943EA1690AAB,kind=tool,status=streaming,revision=1779291239016607,orderKey=2000.0,toolCallID=call_ghn7xh5fs4cw05dp7s0mr18h,parentToolCallID=<nil>,nodeRole=tool
【STRUCT_CARD_TRACE】 MessageRunActor 流式工具块写入请求完成：assistantClientMessageID=B59EAE6D-CF26-4670-9764-4E7826FA9DBC，toolName=generate_structured_health_card，toolCallID=call_ghn7xh5fs4cw05dp7s0mr18h，toolOrderKey=2000.0
【STRUCT_CARD_TRACE】 MessageRunActor 准备写入结构化健康卡片 pending 占位：assistantClientMessageID=B59EAE6D-CF26-4670-9764-4E7826FA9DBC，toolName=generate_structured_health_card，toolCallID=call_ghn7xh5fs4cw05dp7s0mr18h，revision=1779291239016607
【STRUCT_CARD_TRACE】 CoreDataChatStore upsertMessageBlock 未生效：可能 incoming revision 较旧或 ready 块拒绝 pending 覆盖，clientMessageID=B59EAE6D-CF26-4670-9764-4E7826FA9DBC，id=76FB73A0-9D9F-5C8C-A940-53D15CE58D58,kind=structuredHealthCards,status=pending,revision=1779291239016607,orderKey=2100.0,toolCallID=call_ghn7xh5fs4cw05dp7s0mr18h,parentToolCallID=call_ghn7xh5fs4cw05dp7s0mr18h,nodeRole=toolPresentation,structuredCounts={medications:0,prescriptions:0,examReports:0,medicalCases:0,total:0}
【STRUCT_CARD_TRACE】 MessageRunActor 结构化健康卡片 pending 占位写入请求完成：assistantClientMessageID=B59EAE6D-CF26-4670-9764-4E7826FA9DBC，toolCallID=call_ghn7xh5fs4cw05dp7s0mr18h
【STRUCT_CARD_TRACE】 CoreDataChatStore upsertMessageBlock 已写入：clientMessageID=B59EAE6D-CF26-4670-9764-4E7826FA9DBC，markPendingForSync=false，id=0474107C-3249-57B4-A160-943EA1690AAB,kind=tool,status=streaming,revision=1779291239114891,orderKey=2000.0,toolCallID=call_ghn7xh5fs4cw05dp7s0mr18h,parentToolCallID=<nil>,nodeRole=tool
【STRUCT_CARD_TRACE】 MessageRunActor 流式工具块写入请求完成：assistantClientMessageID=B59EAE6D-CF26-4670-9764-4E7826FA9DBC，toolName=generate_structured_health_card，toolCallID=call_ghn7xh5fs4cw05dp7s0mr18h，toolOrderKey=2000.0
【STRUCT_CARD_TRACE】 MessageRunActor 准备写入结构化健康卡片 pending 占位：assistantClientMessageID=B59EAE6D-CF26-4670-9764-4E7826FA9DBC，toolName=generate_structured_health_card，toolCallID=call_ghn7xh5fs4cw05dp7s0mr18h，revision=1779291239114891
【STRUCT_CARD_TRACE】 CoreDataChatStore upsertMessageBlock 未生效：可能 incoming revision 较旧或 ready 块拒绝 pending 覆盖，clientMessageID=B59EAE6D-CF26-4670-9764-4E7826FA9DBC，id=76FB73A0-9D9F-5C8C-A940-53D15CE58D58,kind=structuredHealthCards,status=pending,revision=1779291239114891,orderKey=2100.0,toolCallID=call_ghn7xh5fs4cw05dp7s0mr18h,parentToolCallID=call_ghn7xh5fs4cw05dp7s0mr18h,nodeRole=toolPresentation,structuredCounts={medications:0,prescriptions:0,examReports:0,medicalCases:0,total:0}
【STRUCT_CARD_TRACE】 MessageRunActor 结构化健康卡片 pending 占位写入请求完成：assistantClientMessageID=B59EAE6D-CF26-4670-9764-4E7826FA9DBC，toolCallID=call_ghn7xh5fs4cw05dp7s0mr18h
【STRUCT_CARD_TRACE】 CoreDataChatStore upsertMessageBlock 已写入：clientMessageID=B59EAE6D-CF26-4670-9764-4E7826FA9DBC，markPendingForSync=false，id=0474107C-3249-57B4-A160-943EA1690AAB,kind=tool,status=streaming,revision=1779291239596383,orderKey=2000.0,toolCallID=call_ghn7xh5fs4cw05dp7s0mr18h,parentToolCallID=<nil>,nodeRole=tool
【STRUCT_CARD_TRACE】 MessageRunActor 流式工具块写入请求完成：assistantClientMessageID=B59EAE6D-CF26-4670-9764-4E7826FA9DBC，toolName=generate_structured_health_card，toolCallID=call_ghn7xh5fs4cw05dp7s0mr18h，toolOrderKey=2000.0
【STRUCT_CARD_TRACE】 MessageRunActor 准备写入结构化健康卡片 pending 占位：assistantClientMessageID=B59EAE6D-CF26-4670-9764-4E7826FA9DBC，toolName=generate_structured_health_card，toolCallID=call_ghn7xh5fs4cw05dp7s0mr18h，revision=1779291239596383
【STRUCT_CARD_TRACE】 CoreDataChatStore upsertMessageBlock 未生效：可能 incoming revision 较旧或 ready 块拒绝 pending 覆盖，clientMessageID=B59EAE6D-CF26-4670-9764-4E7826FA9DBC，id=76FB73A0-9D9F-5C8C-A940-53D15CE58D58,kind=structuredHealthCards,status=pending,revision=1779291239596383,orderKey=2100.0,toolCallID=call_ghn7xh5fs4cw05dp7s0mr18h,parentToolCallID=call_ghn7xh5fs4cw05dp7s0mr18h,nodeRole=toolPresentation,structuredCounts={medications:0,prescriptions:0,examReports:0,medicalCases:0,total:0}
【STRUCT_CARD_TRACE】 MessageRunActor 结构化健康卡片 pending 占位写入请求完成：assistantClientMessageID=B59EAE6D-CF26-4670-9764-4E7826FA9DBC，toolCallID=call_ghn7xh5fs4cw05dp7s0mr18h
【STRUCT_CARD_TRACE】 CoreDataChatStore upsertMessageBlock 已写入：clientMessageID=B59EAE6D-CF26-4670-9764-4E7826FA9DBC，markPendingForSync=false，id=0474107C-3249-57B4-A160-943EA1690AAB,kind=tool,status=streaming,revision=1779291239682477,orderKey=2000.0,toolCallID=call_ghn7xh5fs4cw05dp7s0mr18h,parentToolCallID=<nil>,nodeRole=tool
【STRUCT_CARD_TRACE】 MessageRunActor 流式工具块写入请求完成：assistantClientMessageID=B59EAE6D-CF26-4670-9764-4E7826FA9DBC，toolName=generate_structured_health_card，toolCallID=call_ghn7xh5fs4cw05dp7s0mr18h，toolOrderKey=2000.0
【STRUCT_CARD_TRACE】 MessageRunActor 准备写入结构化健康卡片 pending 占位：assistantClientMessageID=B59EAE6D-CF26-4670-9764-4E7826FA9DBC，toolName=generate_structured_health_card，toolCallID=call_ghn7xh5fs4cw05dp7s0mr18h，revision=1779291239682477
【STRUCT_CARD_TRACE】 CoreDataChatStore upsertMessageBlock 未生效：可能 incoming revision 较旧或 ready 块拒绝 pending 覆盖，clientMessageID=B59EAE6D-CF26-4670-9764-4E7826FA9DBC，id=76FB73A0-9D9F-5C8C-A940-53D15CE58D58,kind=structuredHealthCards,status=pending,revision=1779291239682477,orderKey=2100.0,toolCallID=call_ghn7xh5fs4cw05dp7s0mr18h,parentToolCallID=call_ghn7xh5fs4cw05dp7s0mr18h,nodeRole=toolPresentation,structuredCounts={medications:0,prescriptions:0,examReports:0,medicalCases:0,total:0}
【STRUCT_CARD_TRACE】 MessageRunActor 结构化健康卡片 pending 占位写入请求完成：assistantClientMessageID=B59EAE6D-CF26-4670-9764-4E7826FA9DBC，toolCallID=call_ghn7xh5fs4cw05dp7s0mr18h
【STRUCT_CARD_TRACE】 CoreDataChatStore upsertMessageBlock 已写入：clientMessageID=B59EAE6D-CF26-4670-9764-4E7826FA9DBC，markPendingForSync=false，id=0474107C-3249-57B4-A160-943EA1690AAB,kind=tool,status=streaming,revision=1779291239764811,orderKey=2000.0,toolCallID=call_ghn7xh5fs4cw05dp7s0mr18h,parentToolCallID=<nil>,nodeRole=tool
【STRUCT_CARD_TRACE】 MessageRunActor 流式工具块写入请求完成：assistantClientMessageID=B59EAE6D-CF26-4670-9764-4E7826FA9DBC，toolName=generate_structured_health_card，toolCallID=call_ghn7xh5fs4cw05dp7s0mr18h，toolOrderKey=2000.0
【STRUCT_CARD_TRACE】 MessageRunActor 准备写入结构化健康卡片 pending 占位：assistantClientMessageID=B59EAE6D-CF26-4670-9764-4E7826FA9DBC，toolName=generate_structured_health_card，toolCallID=call_ghn7xh5fs4cw05dp7s0mr18h，revision=1779291239764811
【STRUCT_CARD_TRACE】 CoreDataChatStore upsertMessageBlock 未生效：可能 incoming revision 较旧或 ready 块拒绝 pending 覆盖，clientMessageID=B59EAE6D-CF26-4670-9764-4E7826FA9DBC，id=76FB73A0-9D9F-5C8C-A940-53D15CE58D58,kind=structuredHealthCards,status=pending,revision=1779291239764811,orderKey=2100.0,toolCallID=call_ghn7xh5fs4cw05dp7s0mr18h,parentToolCallID=call_ghn7xh5fs4cw05dp7s0mr18h,nodeRole=toolPresentation,structuredCounts={medications:0,prescriptions:0,examReports:0,medicalCases:0,total:0}
【STRUCT_CARD_TRACE】 MessageRunActor 结构化健康卡片 pending 占位写入请求完成：assistantClientMessageID=B59EAE6D-CF26-4670-9764-4E7826FA9DBC，toolCallID=call_ghn7xh5fs4cw05dp7s0mr18h
【STRUCT_CARD_TRACE】 CoreDataChatStore upsertMessageBlock 已写入：clientMessageID=B59EAE6D-CF26-4670-9764-4E7826FA9DBC，markPendingForSync=false，id=0474107C-3249-57B4-A160-943EA1690AAB,kind=tool,status=streaming,revision=1779291239862536,orderKey=2000.0,toolCallID=call_ghn7xh5fs4cw05dp7s0mr18h,parentToolCallID=<nil>,nodeRole=tool
【STRUCT_CARD_TRACE】 MessageRunActor 流式工具块写入请求完成：assistantClientMessageID=B59EAE6D-CF26-4670-9764-4E7826FA9DBC，toolName=generate_structured_health_card，toolCallID=call_ghn7xh5fs4cw05dp7s0mr18h，toolOrderKey=2000.0
【STRUCT_CARD_TRACE】 MessageRunActor 准备写入结构化健康卡片 pending 占位：assistantClientMessageID=B59EAE6D-CF26-4670-9764-4E7826FA9DBC，toolName=generate_structured_health_card，toolCallID=call_ghn7xh5fs4cw05dp7s0mr18h，revision=1779291239862536
【STRUCT_CARD_TRACE】 CoreDataChatStore upsertMessageBlock 未生效：可能 incoming revision 较旧或 ready 块拒绝 pending 覆盖，clientMessageID=B59EAE6D-CF26-4670-9764-4E7826FA9DBC，id=76FB73A0-9D9F-5C8C-A940-53D15CE58D58,kind=structuredHealthCards,status=pending,revision=1779291239862536,orderKey=2100.0,toolCallID=call_ghn7xh5fs4cw05dp7s0mr18h,parentToolCallID=call_ghn7xh5fs4cw05dp7s0mr18h,nodeRole=toolPresentation,structuredCounts={medications:0,prescriptions:0,examReports:0,medicalCases:0,total:0}
【STRUCT_CARD_TRACE】 MessageRunActor 结构化健康卡片 pending 占位写入请求完成：assistantClientMessageID=B59EAE6D-CF26-4670-9764-4E7826FA9DBC，toolCallID=call_ghn7xh5fs4cw05dp7s0mr18h
【STRUCT_CARD_TRACE】 CoreDataChatStore upsertMessageBlock 已写入：clientMessageID=B59EAE6D-CF26-4670-9764-4E7826FA9DBC，markPendingForSync=false，id=0474107C-3249-57B4-A160-943EA1690AAB,kind=tool,status=streaming,revision=1779291239921990,orderKey=2000.0,toolCallID=call_ghn7xh5fs4cw05dp7s0mr18h,parentToolCallID=<nil>,nodeRole=tool
【STRUCT_CARD_TRACE】 MessageRunActor 流式工具块写入请求完成：assistantClientMessageID=B59EAE6D-CF26-4670-9764-4E7826FA9DBC，toolName=generate_structured_health_card，toolCallID=call_ghn7xh5fs4cw05dp7s0mr18h，toolOrderKey=2000.0
【STRUCT_CARD_TRACE】 MessageRunActor 准备写入结构化健康卡片 pending 占位：assistantClientMessageID=B59EAE6D-CF26-4670-9764-4E7826FA9DBC，toolName=generate_structured_health_card，toolCallID=call_ghn7xh5fs4cw05dp7s0mr18h，revision=1779291239921990
【STRUCT_CARD_TRACE】 CoreDataChatStore upsertMessageBlock 未生效：可能 incoming revision 较旧或 ready 块拒绝 pending 覆盖，clientMessageID=B59EAE6D-CF26-4670-9764-4E7826FA9DBC，id=76FB73A0-9D9F-5C8C-A940-53D15CE58D58,kind=structuredHealthCards,status=pending,revision=1779291239921990,orderKey=2100.0,toolCallID=call_ghn7xh5fs4cw05dp7s0mr18h,parentToolCallID=call_ghn7xh5fs4cw05dp7s0mr18h,nodeRole=toolPresentation,structuredCounts={medications:0,prescriptions:0,examReports:0,medicalCases:0,total:0}
【STRUCT_CARD_TRACE】 MessageRunActor 结构化健康卡片 pending 占位写入请求完成：assistantClientMessageID=B59EAE6D-CF26-4670-9764-4E7826FA9DBC，toolCallID=call_ghn7xh5fs4cw05dp7s0mr18h
【STRUCT_CARD_TRACE】 CoreDataChatStore upsertMessageBlock 已写入：clientMessageID=B59EAE6D-CF26-4670-9764-4E7826FA9DBC，markPendingForSync=false，id=0474107C-3249-57B4-A160-943EA1690AAB,kind=tool,status=streaming,revision=1779291240026923,orderKey=2000.0,toolCallID=call_ghn7xh5fs4cw05dp7s0mr18h,parentToolCallID=<nil>,nodeRole=tool
【STRUCT_CARD_TRACE】 MessageRunActor 流式工具块写入请求完成：assistantClientMessageID=B59EAE6D-CF26-4670-9764-4E7826FA9DBC，toolName=generate_structured_health_card，toolCallID=call_ghn7xh5fs4cw05dp7s0mr18h，toolOrderKey=2000.0
【STRUCT_CARD_TRACE】 MessageRunActor 准备写入结构化健康卡片 pending 占位：assistantClientMessageID=B59EAE6D-CF26-4670-9764-4E7826FA9DBC，toolName=generate_structured_health_card，toolCallID=call_ghn7xh5fs4cw05dp7s0mr18h，revision=1779291240026923
【STRUCT_CARD_TRACE】 CoreDataChatStore upsertMessageBlock 未生效：可能 incoming revision 较旧或 ready 块拒绝 pending 覆盖，clientMessageID=B59EAE6D-CF26-4670-9764-4E7826FA9DBC，id=76FB73A0-9D9F-5C8C-A940-53D15CE58D58,kind=structuredHealthCards,status=pending,revision=1779291240026923,orderKey=2100.0,toolCallID=call_ghn7xh5fs4cw05dp7s0mr18h,parentToolCallID=call_ghn7xh5fs4cw05dp7s0mr18h,nodeRole=toolPresentation,structuredCounts={medications:0,prescriptions:0,examReports:0,medicalCases:0,total:0}
【STRUCT_CARD_TRACE】 MessageRunActor 结构化健康卡片 pending 占位写入请求完成：assistantClientMessageID=B59EAE6D-CF26-4670-9764-4E7826FA9DBC，toolCallID=call_ghn7xh5fs4cw05dp7s0mr18h
【STRUCT_CARD_TRACE】 CoreDataChatStore upsertMessageBlock 已写入：clientMessageID=B59EAE6D-CF26-4670-9764-4E7826FA9DBC，markPendingForSync=false，id=0474107C-3249-57B4-A160-943EA1690AAB,kind=tool,status=streaming,revision=1779291240105144,orderKey=2000.0,toolCallID=call_ghn7xh5fs4cw05dp7s0mr18h,parentToolCallID=<nil>,nodeRole=tool
【STRUCT_CARD_TRACE】 MessageRunActor 流式工具块写入请求完成：assistantClientMessageID=B59EAE6D-CF26-4670-9764-4E7826FA9DBC，toolName=generate_structured_health_card，toolCallID=call_ghn7xh5fs4cw05dp7s0mr18h，toolOrderKey=2000.0
【STRUCT_CARD_TRACE】 MessageRunActor 准备写入结构化健康卡片 pending 占位：assistantClientMessageID=B59EAE6D-CF26-4670-9764-4E7826FA9DBC，toolName=generate_structured_health_card，toolCallID=call_ghn7xh5fs4cw05dp7s0mr18h，revision=1779291240105144
【STRUCT_CARD_TRACE】 CoreDataChatStore upsertMessageBlock 未生效：可能 incoming revision 较旧或 ready 块拒绝 pending 覆盖，clientMessageID=B59EAE6D-CF26-4670-9764-4E7826FA9DBC，id=76FB73A0-9D9F-5C8C-A940-53D15CE58D58,kind=structuredHealthCards,status=pending,revision=1779291240105144,orderKey=2100.0,toolCallID=call_ghn7xh5fs4cw05dp7s0mr18h,parentToolCallID=call_ghn7xh5fs4cw05dp7s0mr18h,nodeRole=toolPresentation,structuredCounts={medications:0,prescriptions:0,examReports:0,medicalCases:0,total:0}
【STRUCT_CARD_TRACE】 MessageRunActor 结构化健康卡片 pending 占位写入请求完成：assistantClientMessageID=B59EAE6D-CF26-4670-9764-4E7826FA9DBC，toolCallID=call_ghn7xh5fs4cw05dp7s0mr18h
【STRUCT_CARD_TRACE】 CoreDataChatStore upsertMessageBlock 已写入：clientMessageID=B59EAE6D-CF26-4670-9764-4E7826FA9DBC，markPendingForSync=false，id=0474107C-3249-57B4-A160-943EA1690AAB,kind=tool,status=streaming,revision=1779291240183815,orderKey=2000.0,toolCallID=call_ghn7xh5fs4cw05dp7s0mr18h,parentToolCallID=<nil>,nodeRole=tool
【STRUCT_CARD_TRACE】 MessageRunActor 流式工具块写入请求完成：assistantClientMessageID=B59EAE6D-CF26-4670-9764-4E7826FA9DBC，toolName=generate_structured_health_card，toolCallID=call_ghn7xh5fs4cw05dp7s0mr18h，toolOrderKey=2000.0
【STRUCT_CARD_TRACE】 MessageRunActor 准备写入结构化健康卡片 pending 占位：assistantClientMessageID=B59EAE6D-CF26-4670-9764-4E7826FA9DBC，toolName=generate_structured_health_card，toolCallID=call_ghn7xh5fs4cw05dp7s0mr18h，revision=1779291240183815
【STRUCT_CARD_TRACE】 CoreDataChatStore upsertMessageBlock 未生效：可能 incoming revision 较旧或 ready 块拒绝 pending 覆盖，clientMessageID=B59EAE6D-CF26-4670-9764-4E7826FA9DBC，id=76FB73A0-9D9F-5C8C-A940-53D15CE58D58,kind=structuredHealthCards,status=pending,revision=1779291240183815,orderKey=2100.0,toolCallID=call_ghn7xh5fs4cw05dp7s0mr18h,parentToolCallID=call_ghn7xh5fs4cw05dp7s0mr18h,nodeRole=toolPresentation,structuredCounts={medications:0,prescriptions:0,examReports:0,medicalCases:0,total:0}
【STRUCT_CARD_TRACE】 MessageRunActor 结构化健康卡片 pending 占位写入请求完成：assistantClientMessageID=B59EAE6D-CF26-4670-9764-4E7826FA9DBC，toolCallID=call_ghn7xh5fs4cw05dp7s0mr18h
【STRUCT_CARD_TRACE】 CoreDataChatStore upsertMessageBlock 已写入：clientMessageID=B59EAE6D-CF26-4670-9764-4E7826FA9DBC，markPendingForSync=false，id=0474107C-3249-57B4-A160-943EA1690AAB,kind=tool,status=streaming,revision=1779291240252339,orderKey=2000.0,toolCallID=call_ghn7xh5fs4cw05dp7s0mr18h,parentToolCallID=<nil>,nodeRole=tool
【STRUCT_CARD_TRACE】 MessageRunActor 流式工具块写入请求完成：assistantClientMessageID=B59EAE6D-CF26-4670-9764-4E7826FA9DBC，toolName=generate_structured_health_card，toolCallID=call_ghn7xh5fs4cw05dp7s0mr18h，toolOrderKey=2000.0
【STRUCT_CARD_TRACE】 MessageRunActor 准备写入结构化健康卡片 pending 占位：assistantClientMessageID=B59EAE6D-CF26-4670-9764-4E7826FA9DBC，toolName=generate_structured_health_card，toolCallID=call_ghn7xh5fs4cw05dp7s0mr18h，revision=1779291240252339
【STRUCT_CARD_TRACE】 CoreDataChatStore upsertMessageBlock 未生效：可能 incoming revision 较旧或 ready 块拒绝 pending 覆盖，clientMessageID=B59EAE6D-CF26-4670-9764-4E7826FA9DBC，id=76FB73A0-9D9F-5C8C-A940-53D15CE58D58,kind=structuredHealthCards,status=pending,revision=1779291240252339,orderKey=2100.0,toolCallID=call_ghn7xh5fs4cw05dp7s0mr18h,parentToolCallID=call_ghn7xh5fs4cw05dp7s0mr18h,nodeRole=toolPresentation,structuredCounts={medications:0,prescriptions:0,examReports:0,medicalCases:0,total:0}
【STRUCT_CARD_TRACE】 MessageRunActor 结构化健康卡片 pending 占位写入请求完成：assistantClientMessageID=B59EAE6D-CF26-4670-9764-4E7826FA9DBC，toolCallID=call_ghn7xh5fs4cw05dp7s0mr18h
【STRUCT_CARD_TRACE】 generate_structured_health_card 开始执行：tool=generate_structured_health_card，arguments=raw_text=<omitted,length=218>,report_type=prescription，parsedReportType=prescription，rawTextSource=raw_text，rawTextLength=218，context=memberID=<nil>,locale=zh-Hans_TR,threadID=005BC089-9FC5-430E-A45B-97F586198FFE,assistantMessageClientID=B59EAE6D-CF26-4670-9764-4E7826FA9DBC,pendingToolCallID=call_ghn7xh5fs4cw05dp7s0mr18h,anchorToolCallID=call_ghn7xh5fs4cw05dp7s0mr18h,providerCompany=DOUBAO,modelName=doubao-seed-2-0-mini-260428,endpoint=<nil>,pendingResumeMessages=3，说明=同步发布 pending 卡片后，后台抽取结构化医疗数据并合并完成卡片
【STRUCT_CARD_TRACE】 generate_structured_health_card 参数解析完成：effectiveReportType=prescription，inputReportType=prescription，memberID=<nil>，ossFileId=<nil>，ossFileIdRaw=<nil>，anchorToolCallID=call_ghn7xh5fs4cw05dp7s0mr18h，rawTextLength=218，rawTextLogging=已省略正文以避免病历隐私进入日志
【STRUCT_CARD_TRACE】 generate_structured_health_card 准备发布 pending 结构化卡片：threadID=005BC089-9FC5-430E-A45B-97F586198FFE，assistantMessageClientID=B59EAE6D-CF26-4670-9764-4E7826FA9DBC，anchorToolCallID=call_ghn7xh5fs4cw05dp7s0mr18h，effectiveReportType=prescription
【STRUCT_CARD_TRACE】 MessageRunActor richBlockReady 准备写入：assistantClientMessageID=B59EAE6D-CF26-4670-9764-4E7826FA9DBC，id=CCF0D96C-2B5F-4068-9843-713E5102874C,kind=structuredHealthCards,status=pending,revision=1,orderKey=<nil>,toolCallID=call_ghn7xh5fs4cw05dp7s0mr18h,parentToolCallID=<nil>,nodeRole=toolPresentation,structuredCounts={medications:0,prescriptions:0,examReports:0,medicalCases:0,total:0}
【STRUCT_CARD_TRACE】 CoreDataChatStore upsertMessageBlock 未生效：可能 incoming revision 较旧或 ready 块拒绝 pending 覆盖，clientMessageID=B59EAE6D-CF26-4670-9764-4E7826FA9DBC，id=76FB73A0-9D9F-5C8C-A940-53D15CE58D58,kind=structuredHealthCards,status=pending,revision=1779291240774237,orderKey=2100.0,toolCallID=call_ghn7xh5fs4cw05dp7s0mr18h,parentToolCallID=call_ghn7xh5fs4cw05dp7s0mr18h,nodeRole=toolPresentation,structuredCounts={medications:0,prescriptions:0,examReports:0,medicalCases:0,total:0}
【STRUCT_CARD_TRACE】 MessageRunActor richBlockReady 写入请求完成：assistantClientMessageID=B59EAE6D-CF26-4670-9764-4E7826FA9DBC，id=CCF0D96C-2B5F-4068-9843-713E5102874C,kind=structuredHealthCards,status=pending,revision=1,orderKey=<nil>,toolCallID=call_ghn7xh5fs4cw05dp7s0mr18h,parentToolCallID=<nil>,nodeRole=toolPresentation,structuredCounts={medications:0,prescriptions:0,examReports:0,medicalCases:0,total:0}
【STRUCT_CARD_TRACE】 generate_structured_health_card pending 结构化卡片发布完成：threadID=005BC089-9FC5-430E-A45B-97F586198FFE，assistantMessageClientID=B59EAE6D-CF26-4670-9764-4E7826FA9DBC，anchorToolCallID=call_ghn7xh5fs4cw05dp7s0mr18h，elapsedMs=1
【STRUCT_CARD_TRACE】 generate_structured_health_card 同步工具调用完成：返回后台生成提示给模型，后台完成态/失败态卡片会继续异步发布，threadID=005BC089-9FC5-430E-A45B-97F586198FFE，assistantMessageClientID=B59EAE6D-CF26-4670-9764-4E7826FA9DBC，anchorToolCallID=call_ghn7xh5fs4cw05dp7s0mr18h，elapsedMs=1
【STRUCT_CARD_TRACE】 generate_structured_health_card 后台完成流程开始：threadID=005BC089-9FC5-430E-A45B-97F586198FFE，assistantMessageClientID=B59EAE6D-CF26-4670-9764-4E7826FA9DBC，anchorToolCallID=call_ghn7xh5fs4cw05dp7s0mr18h，effectiveReportType=prescription，memberID=<nil>，ossFileId=<nil>，rawTextLength=218，timeoutSeconds=45
【STRUCT_CARD_TRACE】 generate_structured_health_card 开始抽取结构化医疗数据：effectiveReportType=prescription，memberID=<nil>，rawTextLength=218，timeoutSeconds=45，rawTextLogging=已省略正文以避免病历隐私进入日志
【STRUCT_CARD_TRACE】 generate_structured_health_card 抽取结构化医疗数据成功：typedResult=prescription，extractedJSONLength=1638，payloadPreviewLength=1732，envelopeRawOCRTextLength=218，sourceFiles=0，typeResolutionKind=prescription，typeResolutionConfidence=1.0，typeResolutionSource=manual，typeResolutionReason=Optional("chat_tool:prescription")，elapsedMs=1
【STRUCT_CARD_TRACE】 generate_structured_health_card 准备构建完成态卡片 payload：typedResult=prescription，memberID=<nil>，ossFileId=<nil>
【STRUCT_CARD_TRACE】 generate_structured_health_card 完成态卡片 payload 构建完成：payloadCounts={medications:0,prescriptions:1,examReports:0,medicalCases:0,totalCards:1}，typedResult=prescription，若 totalCards=0 说明抽取类型暂不支持聊天卡片或 payload 编码失败
【STRUCT_CARD_TRACE】 generate_structured_health_card 准备发布完成态结构化卡片：threadID=005BC089-9FC5-430E-A45B-97F586198FFE，assistantMessageClientID=B59EAE6D-CF26-4670-9764-4E7826FA9DBC，anchorToolCallID=call_ghn7xh5fs4cw05dp7s0mr18h，payloadCounts={medications:0,prescriptions:1,examReports:0,medicalCases:0,totalCards:1}
【STRUCT_CARD_TRACE】 MessageRunActor richBlockReady 准备写入：assistantClientMessageID=B59EAE6D-CF26-4670-9764-4E7826FA9DBC，id=DC1E6DBD-032C-4F10-BD34-D1EE84309CEE,kind=structuredHealthCards,status=ready,revision=1,orderKey=<nil>,toolCallID=call_ghn7xh5fs4cw05dp7s0mr18h,parentToolCallID=<nil>,nodeRole=toolPresentation,structuredCounts={medications:0,prescriptions:1,examReports:0,medicalCases:0,total:1}
【STRUCT_CARD_TRACE】 CoreDataChatStore upsertMessageBlock 已写入：clientMessageID=B59EAE6D-CF26-4670-9764-4E7826FA9DBC，markPendingForSync=false，id=0474107C-3249-57B4-A160-943EA1690AAB,kind=tool,status=streaming,revision=1779291240825227,orderKey=2000.0,toolCallID=call_ghn7xh5fs4cw05dp7s0mr18h,parentToolCallID=<nil>,nodeRole=tool
【STRUCT_CARD_TRACE】 CoreDataChatStore upsertMessageBlock 已写入：clientMessageID=B59EAE6D-CF26-4670-9764-4E7826FA9DBC，markPendingForSync=true，id=76FB73A0-9D9F-5C8C-A940-53D15CE58D58,kind=structuredHealthCards,status=ready,revision=1779291240777699,orderKey=2100.0,toolCallID=call_ghn7xh5fs4cw05dp7s0mr18h,parentToolCallID=call_ghn7xh5fs4cw05dp7s0mr18h,nodeRole=toolPresentation,structuredCounts={medications:0,prescriptions:1,examReports:0,medicalCases:0,total:1}
【STRUCT_CARD_TRACE】 MessageRunActor 流式工具块写入请求完成：assistantClientMessageID=B59EAE6D-CF26-4670-9764-4E7826FA9DBC，toolName=generate_structured_health_card，toolCallID=call_ghn7xh5fs4cw05dp7s0mr18h，toolOrderKey=2000.0
【STRUCT_CARD_TRACE】 MessageRunActor 准备写入结构化健康卡片 pending 占位：assistantClientMessageID=B59EAE6D-CF26-4670-9764-4E7826FA9DBC，toolName=generate_structured_health_card，toolCallID=call_ghn7xh5fs4cw05dp7s0mr18h，revision=1779291240825227
【STRUCT_CARD_TRACE】 MessageRunActor richBlockReady 写入请求完成：assistantClientMessageID=B59EAE6D-CF26-4670-9764-4E7826FA9DBC，id=DC1E6DBD-032C-4F10-BD34-D1EE84309CEE,kind=structuredHealthCards,status=ready,revision=1,orderKey=<nil>,toolCallID=call_ghn7xh5fs4cw05dp7s0mr18h,parentToolCallID=<nil>,nodeRole=toolPresentation,structuredCounts={medications:0,prescriptions:1,examReports:0,medicalCases:0,total:1}
【STRUCT_CARD_TRACE】 generate_structured_health_card 完成态结构化卡片发布完成：threadID=005BC089-9FC5-430E-A45B-97F586198FFE，assistantMessageClientID=B59EAE6D-CF26-4670-9764-4E7826FA9DBC，anchorToolCallID=call_ghn7xh5fs4cw05dp7s0mr18h，payloadCounts={medications:0,prescriptions:1,examReports:0,medicalCases:0,totalCards:1}，elapsedMs=63
【STRUCT_CARD_TRACE】 CoreDataChatStore upsertMessageBlock 未生效：可能 incoming revision 较旧或 ready 块拒绝 pending 覆盖，clientMessageID=B59EAE6D-CF26-4670-9764-4E7826FA9DBC，id=76FB73A0-9D9F-5C8C-A940-53D15CE58D58,kind=structuredHealthCards,status=pending,revision=1779291240825227,orderKey=2100.0,toolCallID=call_ghn7xh5fs4cw05dp7s0mr18h,parentToolCallID=call_ghn7xh5fs4cw05dp7s0mr18h,nodeRole=toolPresentation,structuredCounts={medications:0,prescriptions:0,examReports:0,medicalCases:0,total:0}
【STRUCT_CARD_TRACE】 MessageRunActor 结构化健康卡片 pending 占位写入请求完成：assistantClientMessageID=B59EAE6D-CF26-4670-9764-4E7826FA9DBC，toolCallID=call_ghn7xh5fs4cw05dp7s0mr18h
【STRUCT_CARD_TRACE】 CoreDataChatStore upsertMessageBlock 已写入：clientMessageID=B59EAE6D-CF26-4670-9764-4E7826FA9DBC，markPendingForSync=false，id=F8D5D569-ABCD-5D41-A3DA-37BB2960191A,kind=text,status=streaming,revision=1779291243797145,orderKey=3000.0,toolCallID=<nil>,parentToolCallID=<nil>,nodeRole=timeline
【STRUCT_CARD_TRACE】 CoreDataChatStore upsertMessageBlock 已写入：clientMessageID=B59EAE6D-CF26-4670-9764-4E7826FA9DBC，markPendingForSync=false，id=F8D5D569-ABCD-5D41-A3DA-37BB2960191A,kind=text,status=streaming,revision=1779291243998911,orderKey=3000.0,toolCallID=<nil>,parentToolCallID=<nil>,nodeRole=timeline
【STRUCT_CARD_TRACE】 CoreDataChatStore upsertMessageBlock 已写入：clientMessageID=B59EAE6D-CF26-4670-9764-4E7826FA9DBC，markPendingForSync=false，id=F8D5D569-ABCD-5D41-A3DA-37BB2960191A,kind=text,status=streaming,revision=1779291244085886,orderKey=3000.0,toolCallID=<nil>,parentToolCallID=<nil>,nodeRole=timeline
【STRUCT_CARD_TRACE】 CoreDataChatStore upsertMessageBlock 已写入：clientMessageID=B59EAE6D-CF26-4670-9764-4E7826FA9DBC，markPendingForSync=false，id=F8D5D569-ABCD-5D41-A3DA-37BB2960191A,kind=text,status=streaming,revision=1779291244179700,orderKey=3000.0,toolCallID=<nil>,parentToolCallID=<nil>,nodeRole=timeline
【STRUCT_CARD_TRACE】 CoreDataChatStore upsertMessageBlock 已写入：clientMessageID=B59EAE6D-CF26-4670-9764-4E7826FA9DBC，markPendingForSync=false，id=F8D5D569-ABCD-5D41-A3DA-37BB2960191A,kind=text,status=streaming,revision=1779291244289606,orderKey=3000.0,toolCallID=<nil>,parentToolCallID=<nil>,nodeRole=timeline
【STRUCT_CARD_TRACE】 CoreDataChatStore upsertMessageBlock 已写入：clientMessageID=B59EAE6D-CF26-4670-9764-4E7826FA9DBC，markPendingForSync=false，id=F8D5D569-ABCD-5D41-A3DA-37BB2960191A,kind=text,status=streaming,revision=1779291244394706,orderKey=3000.0,toolCallID=<nil>,parentToolCallID=<nil>,nodeRole=timeline
【STRUCT_CARD_TRACE】 CoreDataChatStore upsertMessageBlock 已写入：clientMessageID=B59EAE6D-CF26-4670-9764-4E7826FA9DBC，markPendingForSync=false，id=F8D5D569-ABCD-5D41-A3DA-37BB2960191A,kind=text,status=streaming,revision=1779291244499815,orderKey=3000.0,toolCallID=<nil>,parentToolCallID=<nil>,nodeRole=timeline
【STRUCT_CARD_TRACE】 CoreDataChatStore upsertMessageBlock 已写入：clientMessageID=B59EAE6D-CF26-4670-9764-4E7826FA9DBC，markPendingForSync=false，id=F8D5D569-ABCD-5D41-A3DA-37BB2960191A,kind=text,status=streaming,revision=1779291244580556,orderKey=3000.0,toolCallID=<nil>,parentToolCallID=<nil>,nodeRole=timeline
【STRUCT_CARD_TRACE】 CoreDataChatStore upsertMessageBlock 已写入：clientMessageID=B59EAE6D-CF26-4670-9764-4E7826FA9DBC，markPendingForSync=false，id=F8D5D569-ABCD-5D41-A3DA-37BB2960191A,kind=text,status=streaming,revision=1779291244663529,orderKey=3000.0,toolCallID=<nil>,parentToolCallID=<nil>,nodeRole=timeline
【STRUCT_CARD_TRACE】 CoreDataChatStore upsertMessageBlock 已写入：clientMessageID=B59EAE6D-CF26-4670-9764-4E7826FA9DBC，markPendingForSync=false，id=F8D5D569-ABCD-5D41-A3DA-37BB2960191A,kind=text,status=streaming,revision=1779291244792172,orderKey=3000.0,toolCallID=<nil>,parentToolCallID=<nil>,nodeRole=timeline
【STRUCT_CARD_TRACE】 CoreDataChatStore upsertMessageBlock 已写入：clientMessageID=B59EAE6D-CF26-4670-9764-4E7826FA9DBC，markPendingForSync=false，id=F8D5D569-ABCD-5D41-A3DA-37BB2960191A,kind=text,status=streaming,revision=1779291244967064,orderKey=3000.0,toolCallID=<nil>,parentToolCallID=<nil>,nodeRole=timeline
【STRUCT_CARD_TRACE】 CoreDataChatStore upsertMessageBlock 已写入：clientMessageID=B59EAE6D-CF26-4670-9764-4E7826FA9DBC，markPendingForSync=false，id=F8D5D569-ABCD-5D41-A3DA-37BB2960191A,kind=text,status=streaming,revision=1779291245067148,orderKey=3000.0,toolCallID=<nil>,parentToolCallID=<nil>,nodeRole=timeline
【STRUCT_CARD_TRACE】 CoreDataChatStore upsertMessageBlock 已写入：clientMessageID=B59EAE6D-CF26-4670-9764-4E7826FA9DBC，markPendingForSync=false，id=F8D5D569-ABCD-5D41-A3DA-37BB2960191A,kind=text,status=streaming,revision=1779291245140657,orderKey=3000.0,toolCallID=<nil>,parentToolCallID=<nil>,nodeRole=timeline
【STRUCT_CARD_TRACE】 CoreDataChatStore upsertMessageBlock 已写入：clientMessageID=B59EAE6D-CF26-4670-9764-4E7826FA9DBC，markPendingForSync=false，id=F8D5D569-ABCD-5D41-A3DA-37BB2960191A,kind=text,status=streaming,revision=1779291245249796,orderKey=3000.0,toolCallID=<nil>,parentToolCallID=<nil>,nodeRole=timeline
【STRUCT_CARD_TRACE】 CoreDataChatStore upsertMessageBlock 已写入：clientMessageID=B59EAE6D-CF26-4670-9764-4E7826FA9DBC，markPendingForSync=false，id=F8D5D569-ABCD-5D41-A3DA-37BB2960191A,kind=text,status=streaming,revision=1779291245320627,orderKey=3000.0,toolCallID=<nil>,parentToolCallID=<nil>,nodeRole=timeline
【STRUCT_CARD_TRACE】 CoreDataChatStore upsertMessageBlock 已写入：clientMessageID=B59EAE6D-CF26-4670-9764-4E7826FA9DBC，markPendingForSync=false，id=F8D5D569-ABCD-5D41-A3DA-37BB2960191A,kind=text,status=streaming,revision=1779291245424162,orderKey=3000.0,toolCallID=<nil>,parentToolCallID=<nil>,nodeRole=timeline
【STRUCT_CARD_TRACE】 CoreDataChatStore upsertMessageBlock 已写入：clientMessageID=B59EAE6D-CF26-4670-9764-4E7826FA9DBC，markPendingForSync=false，id=F8D5D569-ABCD-5D41-A3DA-37BB2960191A,kind=text,status=streaming,revision=1779291245517109,orderKey=3000.0,toolCallID=<nil>,parentToolCallID=<nil>,nodeRole=timeline
【STRUCT_CARD_TRACE】 CoreDataChatStore upsertMessageBlock 已写入：clientMessageID=B59EAE6D-CF26-4670-9764-4E7826FA9DBC，markPendingForSync=false，id=F8D5D569-ABCD-5D41-A3DA-37BB2960191A,kind=text,status=streaming,revision=1779291245614616,orderKey=3000.0,toolCallID=<nil>,parentToolCallID=<nil>,nodeRole=timeline
【STRUCT_CARD_TRACE】 CoreDataChatStore upsertMessageBlock 已写入：clientMessageID=B59EAE6D-CF26-4670-9764-4E7826FA9DBC，markPendingForSync=false，id=F8D5D569-ABCD-5D41-A3DA-37BB2960191A,kind=text,status=streaming,revision=1779291245668435,orderKey=3000.0,toolCallID=<nil>,parentToolCallID=<nil>,nodeRole=timeline
【STRUCT_CARD_TRACE】 CoreDataChatStore upsertMessageBlock 已写入：clientMessageID=B59EAE6D-CF26-4670-9764-4E7826FA9DBC，markPendingForSync=false，id=F8D5D569-ABCD-5D41-A3DA-37BB2960191A,kind=text,status=streaming,revision=1779291245781291,orderKey=3000.0,toolCallID=<nil>,parentToolCallID=<nil>,nodeRole=timeline
【STRUCT_CARD_TRACE】 CoreDataChatStore upsertMessageBlock 已写入：clientMessageID=B59EAE6D-CF26-4670-9764-4E7826FA9DBC，markPendingForSync=false，id=F8D5D569-ABCD-5D41-A3DA-37BB2960191A,kind=text,status=streaming,revision=1779291245956883,orderKey=3000.0,toolCallID=<nil>,parentToolCallID=<nil>,nodeRole=timeline
【STRUCT_CARD_TRACE】 CoreDataChatStore upsertMessageBlock 已写入：clientMessageID=B59EAE6D-CF26-4670-9764-4E7826FA9DBC，markPendingForSync=false，id=F8D5D569-ABCD-5D41-A3DA-37BB2960191A,kind=text,status=streaming,revision=1779291246022580,orderKey=3000.0,toolCallID=<nil>,parentToolCallID=<nil>,nodeRole=timeline
【STRUCT_CARD_TRACE】 CoreDataChatStore upsertMessageBlock 已写入：clientMessageID=B59EAE6D-CF26-4670-9764-4E7826FA9DBC，markPendingForSync=false，id=F8D5D569-ABCD-5D41-A3DA-37BB2960191A,kind=text,status=streaming,revision=1779291246145069,orderKey=3000.0,toolCallID=<nil>,parentToolCallID=<nil>,nodeRole=timeline
【STRUCT_CARD_TRACE】 CoreDataChatStore upsertMessageBlock 已写入：clientMessageID=B59EAE6D-CF26-4670-9764-4E7826FA9DBC，markPendingForSync=false，id=F8D5D569-ABCD-5D41-A3DA-37BB2960191A,kind=text,status=streaming,revision=1779291246235623,orderKey=3000.0,toolCallID=<nil>,parentToolCallID=<nil>,nodeRole=timeline
【STRUCT_CARD_TRACE】 CoreDataChatStore upsertMessageBlock 已写入：clientMessageID=B59EAE6D-CF26-4670-9764-4E7826FA9DBC，markPendingForSync=false，id=F8D5D569-ABCD-5D41-A3DA-37BB2960191A,kind=text,status=streaming,revision=1779291246391937,orderKey=3000.0,toolCallID=<nil>,parentToolCallID=<nil>,nodeRole=timeline
【STRUCT_CARD_TRACE】 CoreDataChatStore upsertMessageBlock 已写入：clientMessageID=B59EAE6D-CF26-4670-9764-4E7826FA9DBC，markPendingForSync=false，id=F8D5D569-ABCD-5D41-A3DA-37BB2960191A,kind=text,status=streaming,revision=1779291246480297,orderKey=3000.0,toolCallID=<nil>,parentToolCallID=<nil>,nodeRole=timeline
【STRUCT_CARD_TRACE】 CoreDataChatStore upsertMessageBlock 已写入：clientMessageID=B59EAE6D-CF26-4670-9764-4E7826FA9DBC，markPendingForSync=false，id=F8D5D569-ABCD-5D41-A3DA-37BB2960191A,kind=text,status=streaming,revision=1779291246583109,orderKey=3000.0,toolCallID=<nil>,parentToolCallID=<nil>,nodeRole=timeline
【STRUCT_CARD_TRACE】 CoreDataChatStore upsertMessageBlock 已写入：clientMessageID=B59EAE6D-CF26-4670-9764-4E7826FA9DBC，markPendingForSync=false，id=F8D5D569-ABCD-5D41-A3DA-37BB2960191A,kind=text,status=streaming,revision=1779291246692742,orderKey=3000.0,toolCallID=<nil>,parentToolCallID=<nil>,nodeRole=timeline
【STRUCT_CARD_TRACE】 CoreDataChatStore upsertMessageBlock 已写入：clientMessageID=B59EAE6D-CF26-4670-9764-4E7826FA9DBC，markPendingForSync=false，id=F8D5D569-ABCD-5D41-A3DA-37BB2960191A,kind=text,status=streaming,revision=1779291246867625,orderKey=3000.0,toolCallID=<nil>,parentToolCallID=<nil>,nodeRole=timeline
【STRUCT_CARD_TRACE】 CoreDataChatStore upsertMessageBlock 已写入：clientMessageID=B59EAE6D-CF26-4670-9764-4E7826FA9DBC，markPendingForSync=false，id=F8D5D569-ABCD-5D41-A3DA-37BB2960191A,kind=text,status=streaming,revision=1779291246949909,orderKey=3000.0,toolCallID=<nil>,parentToolCallID=<nil>,nodeRole=timeline
【STRUCT_CARD_TRACE】 CoreDataChatStore upsertMessageBlock 已写入：clientMessageID=B59EAE6D-CF26-4670-9764-4E7826FA9DBC，markPendingForSync=false，id=F8D5D569-ABCD-5D41-A3DA-37BB2960191A,kind=text,status=streaming,revision=1779291247040987,orderKey=3000.0,toolCallID=<nil>,parentToolCallID=<nil>,nodeRole=timeline
【STRUCT_CARD_TRACE】 CoreDataChatStore upsertMessageBlock 已写入：clientMessageID=B59EAE6D-CF26-4670-9764-4E7826FA9DBC，markPendingForSync=false，id=F8D5D569-ABCD-5D41-A3DA-37BB2960191A,kind=text,status=streaming,revision=1779291247146385,orderKey=3000.0,toolCallID=<nil>,parentToolCallID=<nil>,nodeRole=timeline
【STRUCT_CARD_TRACE】 CoreDataChatStore upsertMessageBlock 已写入：clientMessageID=B59EAE6D-CF26-4670-9764-4E7826FA9DBC，markPendingForSync=false，id=F8D5D569-ABCD-5D41-A3DA-37BB2960191A,kind=text,status=streaming,revision=1779291247329268,orderKey=3000.0,toolCallID=<nil>,parentToolCallID=<nil>,nodeRole=timeline
【STRUCT_CARD_TRACE】 CoreDataChatStore upsertMessageBlock 已写入：clientMessageID=B59EAE6D-CF26-4670-9764-4E7826FA9DBC，markPendingForSync=false，id=F8D5D569-ABCD-5D41-A3DA-37BB2960191A,kind=text,status=streaming,revision=1779291247425191,orderKey=3000.0,toolCallID=<nil>,parentToolCallID=<nil>,nodeRole=timeline
【STRUCT_CARD_TRACE】 CoreDataChatStore upsertMessageBlock 已写入：clientMessageID=B59EAE6D-CF26-4670-9764-4E7826FA9DBC，markPendingForSync=false，id=F8D5D569-ABCD-5D41-A3DA-37BB2960191A,kind=text,status=streaming,revision=1779291247509740,orderKey=3000.0,toolCallID=<nil>,parentToolCallID=<nil>,nodeRole=timeline
【STRUCT_CARD_TRACE】 CoreDataChatStore upsertMessageBlock 已写入：clientMessageID=B59EAE6D-CF26-4670-9764-4E7826FA9DBC，markPendingForSync=false，id=F8D5D569-ABCD-5D41-A3DA-37BB2960191A,kind=text,status=streaming,revision=1779291247650034,orderKey=3000.0,toolCallID=<nil>,parentToolCallID=<nil>,nodeRole=timeline
【STRUCT_CARD_TRACE】 CoreDataChatStore upsertMessageBlock 已写入：clientMessageID=B59EAE6D-CF26-4670-9764-4E7826FA9DBC，markPendingForSync=false，id=F8D5D569-ABCD-5D41-A3DA-37BB2960191A,kind=text,status=streaming,revision=1779291247765830,orderKey=3000.0,toolCallID=<nil>,parentToolCallID=<nil>,nodeRole=timeline
【STRUCT_CARD_TRACE】 CoreDataChatStore upsertMessageBlock 已写入：clientMessageID=B59EAE6D-CF26-4670-9764-4E7826FA9DBC，markPendingForSync=false，id=F8D5D569-ABCD-5D41-A3DA-37BB2960191A,kind=text,status=streaming,revision=1779291247863905,orderKey=3000.0,toolCallID=<nil>,parentToolCallID=<nil>,nodeRole=timeline
【STRUCT_CARD_TRACE】 CoreDataChatStore upsertMessageBlock 已写入：clientMessageID=B59EAE6D-CF26-4670-9764-4E7826FA9DBC，markPendingForSync=false，id=F8D5D569-ABCD-5D41-A3DA-37BB2960191A,kind=text,status=streaming,revision=1779291247945377,orderKey=3000.0,toolCallID=<nil>,parentToolCallID=<nil>,nodeRole=timeline
【STRUCT_CARD_TRACE】 MessageRunActor finalizeAssistantBlocks 开始：assistantClientMessageID=B59EAE6D-CF26-4670-9764-4E7826FA9DBC，incomingBlocks=id=0949B667-C000-44F8-B8E3-965809B9E377,kind=tool,status=ready,revision=1,orderKey=<nil>,toolCallID=call_ghn7xh5fs4cw05dp7s0mr18h,parentToolCallID=<nil>,nodeRole=tool | id=3A5B78A9-2C7A-4D04-BBBF-FE3C933EB2D1,kind=text,status=ready,revision=1,orderKey=<nil>,toolCallID=<nil>,parentToolCallID=<nil>,nodeRole=timeline
【STRUCT_CARD_TRACE】 CoreDataChatStore upsertMessageBlock 已写入：clientMessageID=B59EAE6D-CF26-4670-9764-4E7826FA9DBC，markPendingForSync=false，id=F8D5D569-ABCD-5D41-A3DA-37BB2960191A,kind=text,status=streaming,revision=1779291248014138,orderKey=3000.0,toolCallID=<nil>,parentToolCallID=<nil>,nodeRole=timeline
【STRUCT_CARD_TRACE】 CoreDataChatStore upsertMessageBlock 已写入：clientMessageID=B59EAE6D-CF26-4670-9764-4E7826FA9DBC，markPendingForSync=true，id=F8D5D569-ABCD-5D41-A3DA-37BB2960191A,kind=text,status=ready,revision=1779291248015331,orderKey=3000.0,toolCallID=<nil>,parentToolCallID=<nil>,nodeRole=timeline
【STRUCT_CARD_TRACE】 CoreDataChatStore upsertMessageBlock 已写入：clientMessageID=B59EAE6D-CF26-4670-9764-4E7826FA9DBC，markPendingForSync=true，id=0474107C-3249-57B4-A160-943EA1690AAB,kind=tool,status=ready,revision=1779291248016178,orderKey=2000.0,toolCallID=call_ghn7xh5fs4cw05dp7s0mr18h,parentToolCallID=<nil>,nodeRole=tool
【STRUCT_CARD_TRACE】 MessageRunActor finalizeAssistantBlocks 非文本块写入请求完成：assistantClientMessageID=B59EAE6D-CF26-4670-9764-4E7826FA9DBC，id=0949B667-C000-44F8-B8E3-965809B9E377,kind=tool,status=ready,revision=1,orderKey=<nil>,toolCallID=call_ghn7xh5fs4cw05dp7s0mr18h,parentToolCallID=<nil>,nodeRole=tool
【STRUCT_CARD_TRACE】 MessageRunActor 准备写入结构化健康卡片 pending 占位：assistantClientMessageID=B59EAE6D-CF26-4670-9764-4E7826FA9DBC，toolName=generate_structured_health_card，toolCallID=call_ghn7xh5fs4cw05dp7s0mr18h，revision=1779291248015331
【STRUCT_CARD_TRACE】 CoreDataChatStore upsertMessageBlock 未生效：可能 incoming revision 较旧或 ready 块拒绝 pending 覆盖，clientMessageID=B59EAE6D-CF26-4670-9764-4E7826FA9DBC，id=76FB73A0-9D9F-5C8C-A940-53D15CE58D58,kind=structuredHealthCards,status=pending,revision=1779291248015331,orderKey=2100.0,toolCallID=call_ghn7xh5fs4cw05dp7s0mr18h,parentToolCallID=call_ghn7xh5fs4cw05dp7s0mr18h,nodeRole=toolPresentation,structuredCounts={medications:0,prescriptions:0,examReports:0,medicalCases:0,total:0}
【STRUCT_CARD_TRACE】 MessageRunActor 结构化健康卡片 pending 占位写入请求完成：assistantClientMessageID=B59EAE6D-CF26-4670-9764-4E7826FA9DBC，toolCallID=call_ghn7xh5fs4cw05dp7s0mr18h
【STRUCT_CARD_TRACE】 MessageRunActor finalizeAssistantBlocks 完成：assistantClientMessageID=B59EAE6D-CF26-4670-9764-4E7826FA9DBC，incomingBlocks=id=0949B667-C000-44F8-B8E3-965809B9E377,kind=tool,status=ready,revision=1,orderKey=<nil>,toolCallID=call_ghn7xh5fs4cw05dp7s0mr18h,parentToolCallID=<nil>,nodeRole=tool | id=3A5B78A9-2C7A-4D04-BBBF-FE3C933EB2D1,kind=text,status=ready,revision=1,orderKey=<nil>,toolCallID=<nil>,parentToolCallID=<nil>,nodeRole=timeline，runStateRemoved=true
【STRUCT_CARD_TRACE】 准备上送对话 blocks 摘要：clientMessageID=B59EAE6D-CF26-4670-9764-4E7826FA9DBC,blocks=id=0474107C-3249-57B4-A160-943EA1690AAB,kind=tool,status=ready,revision=1779291248016178,orderKey=2000.0,toolCallID=call_ghn7xh5fs4cw05dp7s0mr18h,parentToolCallID=<nil>,nodeRole=tool | id=F8D5D569-ABCD-5D41-A3DA-37BB2960191A,kind=text,status=ready,revision=1779291248015331,orderKey=3000.0,toolCallID=<nil>,parentToolCallID=<nil>,nodeRole=timeline
【STRUCT_CARD_TRACE】 push 回包合并开始：threadID=005BC089-9FC5-430E-A45B-97F586198FFE，remote=clientMessageID=B59EAE6D-CF26-4670-9764-4E7826FA9DBC,blocks=id=0474107C-3249-57B4-A160-943EA1690AAB,kind=tool,status=ready,revision=1779291248016178,orderKey=2000.0,toolCallID=call_ghn7xh5fs4cw05dp7s0mr18h,parentToolCallID=<nil>,nodeRole=tool | id=F8D5D569-ABCD-5D41-A3DA-37BB2960191A,kind=text,status=ready,revision=1779291248015331,orderKey=3000.0,toolCallID=<nil>,parentToolCallID=<nil>,nodeRole=timeline，local=clientMessageID=A3B2600C-A8C6-4481-9531-037070A5FE52,delivery=sent,blocks=id=837D7121-C85F-4198-9C61-6306BC5B2F04,kind=imageGallery,status=ready,revision=1,orderKey=<nil>,toolCallID=<nil>,parentToolCallID=<nil>,nodeRole=timeline | id=C86E078B-C1B9-40CE-8BF0-FDBBF2960EE1,kind=text,status=ready,revision=1,orderKey=<nil>,toolCallID=<nil>,parentToolCallID=<nil>,nodeRole=timeline || clientMessageID=B59EAE6D-CF26-4670-9764-4E7826FA9DBC,delivery=sent,blocks=id=0474107C-3249-57B4-A160-943EA1690AAB,kind=tool,status=ready,revision=1779291248016178,orderKey=2000.0,toolCallID=call_ghn7xh5fs4cw05dp7s0mr18h,parentToolCallID=<nil>,nodeRole=tool | id=F8D5D569-ABCD-5D41-A3DA-37BB2960191A,kind=text,status=ready,revision=1779291248015331,orderKey=3000.0,toolCallID=<nil>,parentToolCallID=<nil>,nodeRole=timeline
【STRUCT_CARD_TRACE】 push 回包合并结果：threadID=005BC089-9FC5-430E-A45B-97F586198FFE，merged=clientMessageID=B59EAE6D-CF26-4670-9764-4E7826FA9DBC,delivery=sent,blocks=id=0474107C-3249-57B4-A160-943EA1690AAB,kind=tool,status=ready,revision=1779291248016178,orderKey=2000.0,toolCallID=call_ghn7xh5fs4cw05dp7s0mr18h,parentToolCallID=<nil>,nodeRole=tool | id=F8D5D569-ABCD-5D41-A3DA-37BB2960191A,kind=text,status=ready,revision=1779291248015331,orderKey=3000.0,toolCallID=<nil>,parentToolCallID=<nil>,nodeRole=timeline